Component: ARM Compiler 5.06 update 6 (build 750) Tool: armlink [4d35ed]

==============================================================================

Section Cross References

    startup_stm32f103xb.o(STACK) refers (Special) to heapauxi.o(.text) for __use_two_region_memory
    startup_stm32f103xb.o(HEAP) refers (Special) to heapauxi.o(.text) for __use_two_region_memory
    startup_stm32f103xb.o(RESET) refers (Special) to heapauxi.o(.text) for __use_two_region_memory
    startup_stm32f103xb.o(RESET) refers to startup_stm32f103xb.o(STACK) for __initial_sp
    startup_stm32f103xb.o(RESET) refers to startup_stm32f103xb.o(.text) for Reset_Handler
    startup_stm32f103xb.o(RESET) refers to stm32f1xx_it.o(i.NMI_Handler) for NMI_Handler
    startup_stm32f103xb.o(RESET) refers to stm32f1xx_it.o(i.HardFault_Handler) for HardFault_Handler
    startup_stm32f103xb.o(RESET) refers to stm32f1xx_it.o(i.MemManage_Handler) for MemManage_Handler
    startup_stm32f103xb.o(RESET) refers to stm32f1xx_it.o(i.BusFault_Handler) for BusFault_Handler
    startup_stm32f103xb.o(RESET) refers to stm32f1xx_it.o(i.UsageFault_Handler) for UsageFault_Handler
    startup_stm32f103xb.o(RESET) refers to stm32f1xx_it.o(i.SVC_Handler) for SVC_Handler
    startup_stm32f103xb.o(RESET) refers to stm32f1xx_it.o(i.DebugMon_Handler) for DebugMon_Handler
    startup_stm32f103xb.o(RESET) refers to stm32f1xx_it.o(i.PendSV_Handler) for PendSV_Handler
    startup_stm32f103xb.o(RESET) refers to stm32f1xx_it.o(i.SysTick_Handler) for SysTick_Handler
    startup_stm32f103xb.o(.text) refers (Special) to heapauxi.o(.text) for __use_two_region_memory
    startup_stm32f103xb.o(.text) refers to system_stm32f1xx.o(i.SystemInit) for SystemInit
    startup_stm32f103xb.o(.text) refers to __main.o(!!!main) for __main
    startup_stm32f103xb.o(.text) refers to startup_stm32f103xb.o(HEAP) for Heap_Mem
    startup_stm32f103xb.o(.text) refers to startup_stm32f103xb.o(STACK) for Stack_Mem
    main.o(i.SystemClock_Config) refers to rt_memclr_w.o(.text) for __aeabi_memclr4
    main.o(i.SystemClock_Config) refers to stm32f1xx_hal_rcc.o(i.HAL_RCC_OscConfig) for HAL_RCC_OscConfig
    main.o(i.SystemClock_Config) refers to stm32f1xx_hal_rcc.o(i.HAL_RCC_ClockConfig) for HAL_RCC_ClockConfig
    main.o(i.main) refers to stm32f1xx_hal.o(i.HAL_Init) for HAL_Init
    main.o(i.main) refers to main.o(i.SystemClock_Config) for SystemClock_Config
    main.o(i.main) refers to gpio.o(i.MX_GPIO_Init) for MX_GPIO_Init
    main.o(i.main) refers to i2c.o(i.MX_I2C1_Init) for MX_I2C1_Init
    main.o(i.main) refers to usart.o(i.MX_USART1_UART_Init) for MX_USART1_UART_Init
    main.o(i.main) refers to oled.o(i.OLED_Init) for OLED_Init
    main.o(i.main) refers to oled.o(i.OLED_Clear) for OLED_Clear
    main.o(i.main) refers to oled.o(i.OLED_printf) for OLED_printf
    main.o(i.main) refers to stm32f1xx_hal.o(i.HAL_Delay) for HAL_Delay
    gpio.o(i.MX_GPIO_Init) refers to stm32f1xx_hal_gpio.o(i.HAL_GPIO_WritePin) for HAL_GPIO_WritePin
    gpio.o(i.MX_GPIO_Init) refers to stm32f1xx_hal_gpio.o(i.HAL_GPIO_Init) for HAL_GPIO_Init
    i2c.o(i.HAL_I2C_MspDeInit) refers to stm32f1xx_hal_gpio.o(i.HAL_GPIO_DeInit) for HAL_GPIO_DeInit
    i2c.o(i.HAL_I2C_MspInit) refers to stm32f1xx_hal_gpio.o(i.HAL_GPIO_Init) for HAL_GPIO_Init
    i2c.o(i.MX_I2C1_Init) refers to stm32f1xx_hal_i2c.o(i.HAL_I2C_Init) for HAL_I2C_Init
    i2c.o(i.MX_I2C1_Init) refers to main.o(i.Error_Handler) for Error_Handler
    i2c.o(i.MX_I2C1_Init) refers to i2c.o(.bss) for .bss
    usart.o(i.HAL_UART_MspDeInit) refers to stm32f1xx_hal_gpio.o(i.HAL_GPIO_DeInit) for HAL_GPIO_DeInit
    usart.o(i.HAL_UART_MspInit) refers to stm32f1xx_hal_gpio.o(i.HAL_GPIO_Init) for HAL_GPIO_Init
    usart.o(i.MX_USART1_UART_Init) refers to stm32f1xx_hal_uart.o(i.HAL_UART_Init) for HAL_UART_Init
    usart.o(i.MX_USART1_UART_Init) refers to main.o(i.Error_Handler) for Error_Handler
    usart.o(i.MX_USART1_UART_Init) refers to usart.o(.bss) for .bss
    stm32f1xx_it.o(i.SysTick_Handler) refers to stm32f1xx_hal.o(i.HAL_IncTick) for HAL_IncTick
    stm32f1xx_hal_i2c.o(i.HAL_I2C_DeInit) refers to i2c.o(i.HAL_I2C_MspDeInit) for HAL_I2C_MspDeInit
    stm32f1xx_hal_i2c.o(i.HAL_I2C_ER_IRQHandler) refers to stm32f1xx_hal_i2c.o(i.I2C_Slave_AF) for I2C_Slave_AF
    stm32f1xx_hal_i2c.o(i.HAL_I2C_ER_IRQHandler) refers to stm32f1xx_hal_i2c.o(i.I2C_ITError) for I2C_ITError
    stm32f1xx_hal_i2c.o(i.HAL_I2C_EV_IRQHandler) refers to stm32f1xx_hal_i2c.o(i.I2C_Slave_ADDR) for I2C_Slave_ADDR
    stm32f1xx_hal_i2c.o(i.HAL_I2C_EV_IRQHandler) refers to stm32f1xx_hal_i2c.o(i.I2C_Master_SB) for I2C_Master_SB
    stm32f1xx_hal_i2c.o(i.HAL_I2C_EV_IRQHandler) refers to stm32f1xx_hal_i2c.o(i.I2C_Master_ADDR) for I2C_Master_ADDR
    stm32f1xx_hal_i2c.o(i.HAL_I2C_EV_IRQHandler) refers to stm32f1xx_hal_i2c.o(i.I2C_MasterTransmit_TXE) for I2C_MasterTransmit_TXE
[...]
    .ARM.Collect$$_printf_percent$$00000010  0x080001be   Section        6  _printf_llo.o(.ARM.Collect$$_printf_percent$$00000010)
    .ARM.Collect$$_printf_percent$$00000011  0x080001c4   Section        6  _printf_llx.o(.ARM.Collect$$_printf_percent$$00000011)
    .ARM.Collect$$_printf_percent$$00000012  0x080001ca   Section       10  _printf_l.o(.ARM.Collect$$_printf_percent$$00000012)
    .ARM.Collect$$_printf_percent$$00000013  0x080001d4   Section        6  _printf_c.o(.ARM.Collect$$_printf_percent$$00000013)
    .ARM.Collect$$_printf_percent$$00000014  0x080001da   Section        6  _printf_s.o(.ARM.Collect$$_printf_percent$$00000014)
    .ARM.Collect$$_printf_percent$$00000015  0x080001e0   Section        6  _printf_lc.o(.ARM.Collect$$_printf_percent$$00000015)
    .ARM.Collect$$_printf_percent$$00000016  0x080001e6   Section        6  _printf_ls.o(.ARM.Collect$$_printf_percent$$00000016)
    .ARM.Collect$$_printf_percent$$00000017  0x080001ec   Section        4  _printf_percent_end.o(.ARM.Collect$$_printf_percent$$00000017)
    .ARM.Collect$$libinit$$00000000          0x080001f0   Section        2  libinit.o(.ARM.Collect$$libinit$$00000000)
    .ARM.Collect$$libinit$$00000002          0x080001f2   Section        0  libinit2.o(.ARM.Collect$$libinit$$00000002)
    .ARM.Collect$$libinit$$00000004          0x080001f2   Section        0  libinit2.o(.ARM.Collect$$libinit$$00000004)
    .ARM.Collect$$libinit$$00000005          0x080001f2   Section        8  libinit2.o(.ARM.Collect$$libinit$$00000005)
    .ARM.Collect$$libinit$$0000000A          0x080001fa   Section        0  libinit2.o(.ARM.Collect$$libinit$$0000000A)
    .ARM.Collect$$libinit$$0000000C          0x080001fa   Section        0  libinit2.o(.ARM.Collect$$libinit$$0000000C)
    .ARM.Collect$$libinit$$0000000E          0x080001fa   Section        0  libinit2.o(.ARM.Collect$$libinit$$0000000E)
    .ARM.Collect$$libinit$$0000000F          0x080001fa   Section        6  libinit2.o(.ARM.Collect$$libinit$$0000000F)
    .ARM.Collect$$libinit$$00000011          0x08000200   Section        0  libinit2.o(.ARM.Collect$$libinit$$00000011)
    .ARM.Collect$$libinit$$00000012          0x08000200   Section       12  libinit2.o(.ARM.Collect$$libinit$$00000012)
    .ARM.Collect$$libinit$$00000013          0x0800020c   Section        0  libinit2.o(.ARM.Collect$$libinit$$00000013)
    .ARM.Collect$$libinit$$00000015          0x0800020c   Section        0  libinit2.o(.ARM.Collect$$libinit$$00000015)
    .ARM.Collect$$libinit$$00000016          0x0800020c   Section       10  libinit2.o(.ARM.Collect$$libinit$$00000016)
    .ARM.Collect$$libinit$$00000017          0x08000216   Section        0  libinit2.o(.ARM.Collect$$libinit$$00000017)
    .ARM.Collect$$libinit$$00000019          0x08000216   Section        0  libinit2.o(.ARM.Collect$$libinit$$00000019)
    .ARM.Collect$$libinit$$0000001B          0x08000216   Section        0  libinit2.o(.ARM.Collect$$libinit$$0000001B)
    .ARM.Collect$$libinit$$0000001D          0x08000216   Section        0  libinit2.o(.ARM.Collect$$libinit$$0000001D)
    .ARM.Collect$$libinit$$0000001F          0x08000216   Section        0  libinit2.o(.ARM.Collect$$libinit$$0000001F)
    .ARM.Collect$$libinit$$00000021          0x08000216   Section        0  libinit2.o(.ARM.Collect$$libinit$$00000021)
    .ARM.Collect$$libinit$$00000023          0x08000216   Section        0  libinit2.o(.ARM.Collect$$libinit$$00000023)
    .ARM.Collect$$libinit$$00000025          0x08000216   Section        0  libinit2.o(.ARM.Collect$$libinit$$00000025)
    .ARM.Collect$$libinit$$0000002C          0x08000216   Section        0  libinit2.o(.ARM.Collect$$libinit$$0000002C)
    .ARM.Collect$$libinit$$0000002E          0x08000216   Section        0  libinit2.o(.ARM.Collect$$libinit$$0000002E)
    .ARM.Collect$$libinit$$00000030          0x08000216   Section        0  libinit2.o(.ARM.Collect$$libinit$$00000030)
    .ARM.Collect$$libinit$$00000032          0x08000216   Section        0  libinit2.o(.ARM.Collect$$libinit$$00000032)
    .ARM.Collect$$libinit$$00000033          0x08000216   Section        2  libinit2.o(.ARM.Collect$$libinit$$00000033)
    .ARM.Collect$$libshutdown$$00000000      0x08000218   Section        2  libshutdown.o(.ARM.Collect$$libshutdown$$00000000)
    .ARM.Collect$$libshutdown$$00000002      0x0800021a   Section        0  libshutdown2.o(.ARM.Collect$$libshutdown$$00000002)
    .ARM.Collect$$libshutdown$$00000004      0x0800021a   Section        0  libshutdown2.o(.ARM.Collect$$libshutdown$$00000004)
    .ARM.Collect$$libshutdown$$00000007      0x0800021a   Section        0  libshutdown2.o(.ARM.Collect$$libshutdown$$00000007)
    .ARM.Collect$$libshutdown$$0000000A      0x0800021a   Section        0  libshutdown2.o(.ARM.Collect$$libshutdown$$0000000A)
    .ARM.Collect$$libshutdown$$0000000C      0x0800021a   Section        0  libshutdown2.o(.ARM.Collect$$libshutdown$$0000000C)
    .ARM.Collect$$libshutdown$$0000000F      0x0800021a   Section        0  libshutdown2.o(.ARM.Collect$$libshutdown$$0000000F)
    .ARM.Collect$$libshutdown$$00000010      0x0800021a   Section        2  libshutdown2.o(.ARM.Collect$$libshutdown$$00000010)
    .ARM.Collect$$rtentry$$00000000          0x0800021c   Section        0  __rtentry.o(.ARM.Collect$$rtentry$$00000000)
    .ARM.Collect$$rtentry$$00000002          0x0800021c   Section        0  __rtentry2.o(.ARM.Collect$$rtentry$$00000002)
    .ARM.Collect$$rtentry$$00000004          0x0800021c   Section        6  __rtentry4.o(.ARM.Collect$$rtentry$$00000004)
    .ARM.Collect$$rtentry$$00000009          0x08000222   Section        0  __rtentry2.o(.ARM.Collect$$rtentry$$00000009)
    .ARM.Collect$$rtentry$$0000000A          0x08000222   Section        4  __rtentry2.o(.ARM.Collect$$rtentry$$0000000A)
    .ARM.Collect$$rtentry$$0000000C          0x08000226   Section        0  __rtentry2.o(.ARM.Collect$$rtentry$$0000000C)
    .ARM.Collect$$rtentry$$0000000D          0x08000226   Section        8  __rtentry2.o(.ARM.Collect$$rtentry$$0000000D)
    .ARM.Collect$$rtexit$$00000000           0x0800022e   Section        2  rtexit.o(.ARM.Collect$$rtexit$$00000000)
    .ARM.Collect$$rtexit$$00000002           0x08000230   Section        0  rtexit2.o(.ARM.Collect$$rtexit$$00000002)
    .ARM.Collect$$rtexit$$00000003           0x08000230   Section        4  rtexit2.o(.ARM.Collect$$rtexit$$00000003)
    .ARM.Collect$$rtexit$$00000004           0x08000234   Section        6  rtexit2.o(.ARM.Collect$$rtexit$$00000004)
    .emb_text                                0x0800023c   Section        0  maybetermalloc1.o(.emb_text)
    .text                                    0x0800023c   Section       64  startup_stm32f103xb.o(.text)
    .text                                    0x0800027c   Section        0  h1_alloc.o(.text)
    .text                                    0x080002da   Section        0  h1_free.o(.text)
    .text                                    0x08000328   Section        0  vsnprintf.o(.text)
    .text                                    0x0800035c   Section        0  __2sprintf.o(.text)
    .text                                    0x08000388   Section        0  _printf_str.o(.text)
    .text                                    0x080003dc   Section        0  _printf_dec.o(.text)
    .text                                    0x08000454   Section        0  __printf_flags_ss_wp.o(.text)
    .text                                    0x080005dc   Section       78  rt_memclr_w.o(.text)
    .text                                    0x0800062a   Section        0  heapauxi.o(.text)
    .text                                    0x08000630   Section        8  rt_heap_descriptor_intlibspace.o(.text)
    .text                                    0x08000638   Section        0  hguard.o(.text)
    .text                                    0x0800063c   Section        0  init_alloc.o(.text)
    .text                                    0x080006c6   Section        0  h1_init.o(.text)
    .text                                    0x080006d4   Section        0  _printf_pad.o(.text)
    .text                                    0x08000722   Section        0  _printf_truncate.o(.text)
    .text                                    0x08000746   Section        0  _printf_intcommon.o(.text)
    .text                                    0x080007f8   Section        0  _printf_charcount.o(.text)
    .text                                    0x08000820   Section        0  _printf_char_common.o(.text)
    _printf_input_char                       0x08000821   Thumb Code    10  _printf_char_common.o(.text)
    .text                                    0x08000850   Section        0  _sputc.o(.text)
    .text                                    0x0800085a   Section        0  _snputc.o(.text)
    .text                                    0x0800086a   Section        0  _printf_char.o(.text)
    .text                                    0x08000898   Section        0  _printf_wctomb.o(.text)
    .text                                    0x08000954   Section        0  _printf_longlong_dec.o(.text)
    .text                                    0x080009d0   Section        0  _printf_oct_int_ll.o(.text)
    _printf_longlong_oct_internal            0x080009d1   Thumb Code     0  _printf_oct_int_ll.o(.text)
    .text                                    0x08000a40   Section        0  _printf_hex_int_ll_ptr.o(.text)
    _printf_hex_common                       0x08000a41   Thumb Code     0  _printf_hex_int_ll_ptr.o(.text)
    .text                                    0x08000ad4   Section        8  libspace.o(.text)
    .text                                    0x08000adc   Section        0  h1_extend.o(.text)
    .text                                    0x08000b10   Section      138  lludiv10.o(.text)
    .text                                    0x08000b9a   Section        0  _printf_fp_dec.o(.text)
    _fp_digits                               0x08000b9d   Thumb Code   432  _printf_fp_dec.o(.text)
    .text                                    0x08000fb8   Section        0  _printf_fp_hex.o(.text)
    .text                                    0x080012b4   Section        0  _printf_wchar.o(.text)
    .text                                    0x080012e0   Section        0  _wcrtomb.o(.text)
    .text                                    0x08001320   Section        0  defsig_rtmem_outer.o(.text)
    .text                                    0x0800132e   Section        2  use_no_semi.o(.text)
    .text                                    0x08001330   Section       74  sys_stackheap_outer.o(.text)
    .text                                    0x08001330   Section        0  indicate_semi.o(.text)
    .text                                    0x0800137c   Section       16  rt_ctype_table.o(.text)
    .text                                    0x0800138c   Section        8  rt_locale_intlibspace.o(.text)
    .text                                    0x08001394   Section        0  _printf_fp_infnan.o(.text)
    .text                                    0x08001414   Section        0  bigflt0.o(.text)
    .text                                    0x080014f8   Section        0  exit.o(.text)
    .text                                    0x0800150a   Section        0  defsig_exit.o(.text)
    .text                                    0x08001514   Section        0  defsig_rtmem_inner.o(.text)
    .text                                    0x08001564   Section        0  sys_exit.o(.text)
    .text                                    0x08001570   Section        0  defsig_general.o(.text)
    .text                                    0x080015a4   Section      128  strcmpv7m.o(.text)
    .text                                    0x08001624   Section        0  sys_wrch.o(.text)
    CL$$btod_d2e                             0x08001632   Section       62  btod.o(CL$$btod_d2e)
    CL$$btod_d2e_denorm_low                  0x08001670   Section       70  btod.o(CL$$btod_d2e_denorm_low)
    CL$$btod_d2e_norm_op1                    0x080016b6   Section       96  btod.o(CL$$btod_d2e_norm_op1)
    CL$$btod_div_common                      0x08001716   Section      824  btod.o(CL$$btod_div_common)
    CL$$btod_e2e                             0x08001a4e   Section      220  btod.o(CL$$btod_e2e)
    CL$$btod_ediv                            0x08001b2a   Section       42  btod.o(CL$$btod_ediv)
    CL$$btod_emul                            0x08001b54   Section       42  btod.o(CL$$btod_emul)
    CL$$btod_mult_common                     0x08001b7e   Section      580  btod.o(CL$$btod_mult_common)
    i.BusFault_Handler                       0x08001dc2   Section        0  stm32f1xx_it.o(i.BusFault_Handler)
    i.DebugMon_Handler                       0x08001dc4   Section        0  stm32f1xx_it.o(i.DebugMon_Handler)
    i.Error_Handler                          0x08001dc6   Section        0  main.o(i.Error_Handler)
    i.HAL_Delay                              0x08001dcc   Section        0  stm32f1xx_hal.o(i.HAL_Delay)
    i.HAL_GPIO_Init                          0x08001df0   Section        0  stm32f1xx_hal_gpio.o(i.HAL_GPIO_Init)
    i.HAL_GPIO_WritePin                      0x08001fd0   Section        0  stm32f1xx_hal_gpio.o(i.HAL_GPIO_WritePin)
    i.HAL_GetTick                            0x08001fdc   Section        0  stm32f1xx_hal.o(i.HAL_GetTick)
    i.HAL_I2C_Init                           0x08001fe8   Section        0  stm32f1xx_hal_i2c.o(i.HAL_I2C_Init)
    i.HAL_I2C_Mem_Write                      0x08002170   Section        0  stm32f1xx_hal_i2c.o(i.HAL_I2C_Mem_Write)
    i.HAL_I2C_MspInit                        0x080022a0   Section        0  i2c.o(i.HAL_I2C_MspInit)
    i.HAL_IncTick                            0x080022fc   Section        0  stm32f1xx_hal.o(i.HAL_IncTick)
    i.HAL_Init                               0x0800230c   Section        0  stm32f1xx_hal.o(i.HAL_Init)
    i.HAL_InitTick                           0x08002330   Section        0  stm32f1xx_hal.o(i.HAL_InitTick)
    i.HAL_MspInit                            0x08002370   Section        0  stm32f1xx_hal_msp.o(i.HAL_MspInit)
    i.HAL_NVIC_SetPriority                   0x080023ac   Section        0  stm32f1xx_hal_cortex.o(i.HAL_NVIC_SetPriority)
    i.HAL_NVIC_SetPriorityGrouping           0x080023ec   Section        0  stm32f1xx_hal_cortex.o(i.HAL_NVIC_SetPriorityGrouping)
    i.HAL_RCC_ClockConfig                    0x08002410   Section        0  stm32f1xx_hal_rcc.o(i.HAL_RCC_ClockConfig)
    i.HAL_RCC_GetPCLK1Freq                   0x0800253c   Section        0  stm32f1xx_hal_rcc.o(i.HAL_RCC_GetPCLK1Freq)
    i.HAL_RCC_GetPCLK2Freq                   0x0800255c   Section        0  stm32f1xx_hal_rcc.o(i.HAL_RCC_GetPCLK2Freq)
    i.HAL_RCC_GetSysClockFreq                0x0800257c   Section        0  stm32f1xx_hal_rcc.o(i.HAL_RCC_GetSysClockFreq)
    i.HAL_RCC_OscConfig                      0x080025e8   Section        0  stm32f1xx_hal_rcc.o(i.HAL_RCC_OscConfig)
    i.HAL_SYSTICK_Config                     0x08002908   Section        0  stm32f1xx_hal_cortex.o(i.HAL_SYSTICK_Config)
    i.HAL_UART_Init                          0x08002930   Section        0  stm32f1xx_hal_uart.o(i.HAL_UART_Init)
    i.HAL_UART_MspInit                       0x08002994   Section        0  usart.o(i.HAL_UART_MspInit)
    i.HardFault_Handler                      0x08002a04   Section        0  stm32f1xx_it.o(i.HardFault_Handler)
    i.I2C_IsAcknowledgeFailed                0x08002a06   Section        0  stm32f1xx_hal_i2c.o(i.I2C_IsAcknowledgeFailed)
    I2C_IsAcknowledgeFailed                  0x08002a07   Thumb Code    46  stm32f1xx_hal_i2c.o(i.I2C_IsAcknowledgeFailed)
    i.I2C_RequestMemoryWrite                 0x08002a34   Section        0  stm32f1xx_hal_i2c.o(i.I2C_RequestMemoryWrite)
    I2C_RequestMemoryWrite                   0x08002a35   Thumb Code   162  stm32f1xx_hal_i2c.o(i.I2C_RequestMemoryWrite)
    i.I2C_WaitOnBTFFlagUntilTimeout          0x08002adc   Section        0  stm32f1xx_hal_i2c.o(i.I2C_WaitOnBTFFlagUntilTimeout)
    I2C_WaitOnBTFFlagUntilTimeout            0x08002add   Thumb Code    76  stm32f1xx_hal_i2c.o(i.I2C_WaitOnBTFFlagUntilTimeout)
    i.I2C_WaitOnFlagUntilTimeout             0x08002b28   Section        0  stm32f1xx_hal_i2c.o(i.I2C_WaitOnFlagUntilTimeout)
    I2C_WaitOnFlagUntilTimeout               0x08002b29   Thumb Code   104  stm32f1xx_hal_i2c.o(i.I2C_WaitOnFlagUntilTimeout)
    i.I2C_WaitOnMasterAddressFlagUntilTimeout 0x08002b90   Section        0  stm32f1xx_hal_i2c.o(i.I2C_WaitOnMasterAddressFlagUntilTimeout)
    I2C_WaitOnMasterAddressFlagUntilTimeout  0x08002b91   Thumb Code   150  stm32f1xx_hal_i2c.o(i.I2C_WaitOnMasterAddressFlagUntilTimeout)
    i.I2C_WaitOnTXEFlagUntilTimeout          0x08002c26   Section        0  stm32f1xx_hal_i2c.o(i.I2C_WaitOnTXEFlagUntilTimeout)
    I2C_WaitOnTXEFlagUntilTimeout            0x08002c27   Thumb Code    76  stm32f1xx_hal_i2c.o(i.I2C_WaitOnTXEFlagUntilTimeout)
    i.MX_GPIO_Init                           0x08002c74   Section        0  gpio.o(i.MX_GPIO_Init)
    i.MX_I2C1_Init                           0x08002cf4   Section        0  i2c.o(i.MX_I2C1_Init)
    i.MX_USART1_UART_Init                    0x08002d34   Section        0  usart.o(i.MX_USART1_UART_Init)
    i.MemManage_Handler                      0x08002d6c   Section        0  stm32f1xx_it.o(i.MemManage_Handler)
    i.NMI_Handler                            0x08002d6e   Section        0  stm32f1xx_it.o(i.NMI_Handler)
    i.OLED_Clear                             0x08002d70   Section        0  oled.o(i.OLED_Clear)
    i.OLED_DrawPoint                         0x08002d9c   Section        0  oled.o(i.OLED_DrawPoint)
    i.OLED_Init                              0x08002dd8   Section        0  oled.o(i.OLED_Init)
    i.OLED_Refresh_Gram                      0x08002eac   Section        0  oled.o(i.OLED_Refresh_Gram)
    i.OLED_ShowChar                          0x08002ef8   Section        0  oled.o(i.OLED_ShowChar)
    i.OLED_ShowString                        0x08002fa8   Section        0  oled.o(i.OLED_ShowString)
    i.OLED_ShowString_16                     0x08002ffe   Section        0  oled.o(i.OLED_ShowString_16)
    i.OLED_WR_Byte                           0x0800305e   Section        0  oled.o(i.OLED_WR_Byte)
    i.OLED_printf                            0x08003068   Section        0  oled.o(i.OLED_printf)
    i.PendSV_Handler                         0x080030e0   Section        0  stm32f1xx_it.o(i.PendSV_Handler)
    i.SVC_Handler                            0x080030e2   Section        0  stm32f1xx_it.o(i.SVC_Handler)
    i.SysTick_Handler                        0x080030e4   Section        0  stm32f1xx_it.o(i.SysTick_Handler)
    i.SystemClock_Config                     0x080030e8   Section        0  main.o(i.SystemClock_Config)
    i.SystemInit                             0x08003146   Section        0  system_stm32f1xx.o(i.SystemInit)
    i.UART_SetConfig                         0x08003148   Section        0  stm32f1xx_hal_uart.o(i.UART_SetConfig)
    UART_SetConfig                           0x08003149   Thumb Code   178  stm32f1xx_hal_uart.o(i.UART_SetConfig)
    i.UsageFault_Handler                     0x08003200   Section        0  stm32f1xx_it.o(i.UsageFault_Handler)
    i.WriteCmd                               0x08003204   Section        0  oled.o(i.WriteCmd)
    i.WriteDat                               0x08003228   Section        0  oled.o(i.WriteDat)
    i.__ARM_fpclassify                       0x0800324c   Section        0  fpclassify.o(i.__ARM_fpclassify)
    i.__NVIC_SetPriority                     0x08003274   Section        0  stm32f1xx_hal_cortex.o(i.__NVIC_SetPriority)
    __NVIC_SetPriority                       0x08003275   Thumb Code    32  stm32f1xx_hal_cortex.o(i.__NVIC_SetPriority)
    i._is_digit                              0x08003294   Section        0  __printf_wp.o(i._is_digit)
    i.main                                   0x080032a4   Section        0  main.o(i.main)
    locale$$code                             0x080032f0   Section       44  lc_numeric_c.o(locale$$code)
    locale$$code                             0x0800331c   Section       44  lc_ctype_c.o(locale$$code)
    x$fpl$printf1                            0x08003348   Section        4  printf1.o(x$fpl$printf1)
    x$fpl$printf2                            0x0800334c   Section        4  printf2.o(x$fpl$printf2)
    .constdata                               0x08003350   Section       16  system_stm32f1xx.o(.constdata)
    x$fpl$usenofp                            0x08003350   Section        0  usenofp.o(x$fpl$usenofp)
    .constdata                               0x08003360   Section        8  system_stm32f1xx.o(.constdata)
    .constdata                               0x08003368   Section     6080  oled.o(.constdata)
    .constdata                               0x08004b28   Section       17  __printf_flags_ss_wp.o(.constdata)
    maptable                                 0x08004b28   Data          17  __printf_flags_ss_wp.o(.constdata)
    .constdata                               0x08004b3c   Section        8  _printf_wctomb.o(.constdata)
    initial_mbstate                          0x08004b3c   Data           8  _printf_wctomb.o(.constdata)
    .constdata                               0x08004b44   Section       40  _printf_hex_int_ll_ptr.o(.constdata)
    uc_hextab                                0x08004b44   Data          20  _printf_hex_int_ll_ptr.o(.constdata)
    lc_hextab                                0x08004b58   Data          20  _printf_hex_int_ll_ptr.o(.constdata)
    .constdata                               0x08004b6c   Section       38  _printf_fp_hex.o(.constdata)
    lc_hextab                                0x08004b6c   Data          19  _printf_fp_hex.o(.constdata)
    uc_hextab                                0x08004b7f   Data          19  _printf_fp_hex.o(.constdata)
    .constdata                               0x08004b94   Section      148  bigflt0.o(.constdata)
    tenpwrs_x                                0x08004b94   Data          60  bigflt0.o(.constdata)
    tenpwrs_i                                0x08004bd0   Data          64  bigflt0.o(.constdata)
    locale$$data                             0x08004c48   Section       28  lc_numeric_c.o(locale$$data)
    __lcnum_c_name                           0x08004c4c   Data           2  lc_numeric_c.o(locale$$data)
    __lcnum_c_start                          0x08004c54   Data           0  lc_numeric_c.o(locale$$data)
    __lcnum_c_point                          0x08004c60   Data           0  lc_numeric_c.o(locale$$data)
    __lcnum_c_thousands                      0x08004c62   Data           0  lc_numeric_c.o(locale$$data)
    __lcnum_c_grouping                       0x08004c63   Data           0  lc_numeric_c.o(locale$$data)
    locale$$data                             0x08004c64   Section      272  lc_ctype_c.o(locale$$data)
    __lcnum_c_end                            0x08004c64   Data           0  lc_numeric_c.o(locale$$data)
    __lcctype_c_name                         0x08004c68   Data           2  lc_ctype_c.o(locale$$data)
    __lcctype_c_start                        0x08004c70   Data           0  lc_ctype_c.o(locale$$data)
    __lcctype_c_end                          0x08004d74   Data           0  lc_ctype_c.o(locale$$data)
    .data                                    0x20000000   Section       12  stm32f1xx_hal.o(.data)
    .data                                    0x2000000c   Section        4  system_stm32f1xx.o(.data)
    .bss                                     0x20000010   Section       84  i2c.o(.bss)
    .bss                                     0x20000064   Section       68  usart.o(.bss)
    .bss                                     0x200000a8   Section     1024  oled.o(.bss)
    .bss                                     0x200004a8   Section       96  libspace.o(.bss)
    HEAP                                     0x20000508   Section      512  startup_stm32f103xb.o(HEAP)
    Heap_Mem                                 0x20000508   Data         512  startup_stm32f103xb.o(HEAP)
    STACK                                    0x20000708   Section     1024  startup_stm32f103xb.o(STACK)
    Stack_Mem                                0x20000708   Data        1024  startup_stm32f103xb.o(STACK)
    __initial_sp                             0x20000b08   Data           0  startup_stm32f103xb.o(STACK)

    Global Symbols

    Symbol Name                              Value     Ov Type        Size  Object(Section)

    BuildAttributes$$THM_ISAv4$P$D$K$B$S$PE$A:L22UL41UL21$X:L11$S22US41US21$IEEE1$IW$USESV6$~STKCKD$USESV7$~SHL$OTIME$ROPI$IEEEJ$EBA8$UX$STANDARDLIB$REQ8$PRES8$EABIv2 0x00000000   Number         0  anon$$obj.o ABSOLUTE
    __ARM_use_no_argv                        0x00000000   Number         0  main.o ABSOLUTE
    _printf_flags                            0x00000000   Number         0  printf_stubs.o ABSOLUTE
    _printf_return_value                     0x00000000   Number         0  printf_stubs.o ABSOLUTE
    _printf_sizespec                         0x00000000   Number         0  printf_stubs.o ABSOLUTE
    _printf_widthprec                        0x00000000   Number         0  printf_stubs.o ABSOLUTE
    __ARM_exceptions_init                     - Undefined Weak Reference
    __alloca_initialize                       - Undefined Weak Reference
    __arm_preinit_                            - Undefined Weak Reference
    __cpp_initialize__aeabi_                  - Undefined Weak Reference
    __cxa_finalize                            - Undefined Weak Reference
    __sigvec_lookup                           - Undefined Weak Reference
    __user_heap_extent                        - Undefined Weak Reference
    _atexit_init                              - Undefined Weak Reference
    _call_atexit_fns                          - Undefined Weak Reference
    _clock_init                               - Undefined Weak Reference
    _fp_trap_init                             - Undefined Weak Reference
    _fp_trap_shutdown                         - Undefined Weak Reference
    _get_lc_collate                           - Undefined Weak Reference
    _get_lc_monetary                          - Undefined Weak Reference
    _get_lc_time                              - Undefined Weak Reference
    _getenv_init                              - Undefined Weak Reference
    _handle_redirection                       - Undefined Weak Reference
    _initio                                   - Undefined Weak Reference
    _mutex_acquire                            - Undefined Weak Reference
    _mutex_free                               - Undefined Weak Reference
    _mutex_release                            - Undefined Weak Reference
    _printf_mbtowc                            - Undefined Weak Reference
    _printf_wc                                - Undefined Weak Reference
    _rand_init                                - Undefined Weak Reference
    _signal_finish                            - Undefined Weak Reference
    _signal_init                              - Undefined Weak Reference
    _terminateio                              - Undefined Weak Reference
    __Vectors_Size                           0x000000ec   Number         0  startup_stm32f103xb.o ABSOLUTE
    __Vectors                                0x08000000   Data           4  startup_stm32f103xb.o(RESET)
    __Vectors_End                            0x080000ec   Data           0  startup_stm32f103xb.o(RESET)
    __main                                   0x080000ed   Thumb Code     8  __main.o(!!!main)
    __scatterload                            0x080000f5   Thumb Code     0  __scatter.o(!!!scatter)
    __scatterload_rt2                        0x080000f5   Thumb Code    44  __scatter.o(!!!scatter)
    __scatterload_rt2_thumb_only             0x080000f5   Thumb Code     0  __scatter.o(!!!scatter)
    __scatterload_null                       0x08000103   Thumb Code     0  __scatter.o(!!!scatter)
    __scatterload_copy                       0x08000129   Thumb Code    26  __scatter_copy.o(!!handler_copy)
    __scatterload_zeroinit                   0x08000145   Thumb Code    28  __scatter_zi.o(!!handler_zi)
    _printf_n                                0x08000161   Thumb Code     0  _printf_n.o(.ARM.Collect$$_printf_percent$$00000001)
    _printf_percent                          0x08000161   Thumb Code     0  _printf_percent.o(.ARM.Collect$$_printf_percent$$00000000)
    _printf_p                                0x08000167   Thumb Code     0  _printf_p.o(.ARM.Collect$$_printf_percent$$00000002)
    _printf_f                                0x0800016d   Thumb Code     0  _printf_f.o(.ARM.Collect$$_printf_percent$$00000003)
    _printf_e                                0x08000173   Thumb Code     0  _printf_e.o(.ARM.Collect$$_printf_percent$$00000004)
    _printf_g                                0x08000179   Thumb Code     0  _printf_g.o(.ARM.Collect$$_printf_percent$$00000005)
    _printf_a                                0x0800017f   Thumb Code     0  _printf_a.o(.ARM.Collect$$_printf_percent$$00000006)
    _printf_ll                               0x08000185   Thumb Code     0  _printf_ll.o(.ARM.Collect$$_printf_percent$$00000007)
    _printf_i                                0x0800018f   Thumb Code     0  _printf_i.o(.ARM.Collect$$_printf_percent$$00000008)
    _printf_d                                0x08000195   Thumb Code     0  _printf_d.o(.ARM.Collect$$_printf_percent$$00000009)
    _printf_u                                0x0800019b   Thumb Code     0  _printf_u.o(.ARM.Collect$$_printf_percent$$0000000A)
    _printf_o                                0x080001a1   Thumb Code     0  _printf_o.o(.ARM.Collect$$_printf_percent$$0000000B)
    _printf_x                                0x080001a7   Thumb Code     0  _printf_x.o(.ARM.Collect$$_printf_percent$$0000000C)
    _printf_lli                              0x080001ad   Thumb Code     0  _printf_lli.o(.ARM.Collect$$_printf_percent$$0000000D)
    _printf_lld                              0x080001b3   Thumb Code     0  _printf_lld.o(.ARM.Collect$$_printf_percent$$0000000E)
    _printf_llu                              0x080001b9   Thumb Code     0  _printf_llu.o(.ARM.Collect$$_printf_percent$$0000000F)
    _printf_llo                              0x080001bf   Thumb Code     0  _printf_llo.o(.ARM.Collect$$_printf_percent$$00000010)
    _printf_llx                              0x080001c5   Thumb Code     0  _printf_llx.o(.ARM.Collect$$_printf_percent$$00000011)
    _printf_l                                0x080001cb   Thumb Code     0  _printf_l.o(.ARM.Collect$$_printf_percent$$00000012)
    _printf_c                                0x080001d5   Thumb Code     0  _printf_c.o(.ARM.Collect$$_printf_percent$$00000013)
    _printf_s                                0x080001db   Thumb Code     0  _printf_s.o(.ARM.Collect$$_printf_percent$$00000014)
    _printf_lc                               0x080001e1   Thumb Code     0  _printf_lc.o(.ARM.Collect$$_printf_percent$$00000015)
    _printf_ls                               0x080001e7   Thumb Code     0  _printf_ls.o(.ARM.Collect$$_printf_percent$$00000016)
    _printf_percent_end                      0x080001ed   Thumb Code     0  _printf_percent_end.o(.ARM.Collect$$_printf_percent$$00000017)
    __rt_lib_init                            0x080001f1   Thumb Code     0  libinit.o(.ARM.Collect$$libinit$$00000000)
    __rt_lib_init_fp_1                       0x080001f3   Thumb Code     0  libinit2.o(.ARM.Collect$$libinit$$00000002)
    __rt_lib_init_heap_2                     0x080001f3   Thumb Code     0  libinit2.o(.ARM.Collect$$libinit$$00000005)
    __rt_lib_init_preinit_1                  0x080001f3   Thumb Code     0  libinit2.o(.ARM.Collect$$libinit$$00000004)
    __rt_lib_init_heap_1                     0x080001fb   Thumb Code     0  libinit2.o(.ARM.Collect$$libinit$$0000000A)
    __rt_lib_init_lc_common                  0x080001fb   Thumb Code     0  libinit2.o(.ARM.Collect$$libinit$$0000000F)
    __rt_lib_init_rand_1                     0x080001fb   Thumb Code     0  libinit2.o(.ARM.Collect$$libinit$$0000000E)
    __rt_lib_init_user_alloc_1               0x080001fb   Thumb Code     0  libinit2.o(.ARM.Collect$$libinit$$0000000C)
    __rt_lib_init_lc_collate_1               0x08000201   Thumb Code     0  libinit2.o(.ARM.Collect$$libinit$$00000011)
    __rt_lib_init_lc_ctype_2                 0x08000201   Thumb Code     0  libinit2.o(.ARM.Collect$$libinit$$00000012)
    __rt_lib_init_lc_ctype_1                 0x0800020d   Thumb Code     0  libinit2.o(.ARM.Collect$$libinit$$00000013)
    __rt_lib_init_lc_monetary_1              0x0800020d   Thumb Code     0  libinit2.o(.ARM.Collect$$libinit$$00000015)
    __rt_lib_init_lc_numeric_2               0x0800020d   Thumb Code     0  libinit2.o(.ARM.Collect$$libinit$$00000016)
    __rt_lib_init_alloca_1                   0x08000217   Thumb Code     0  libinit2.o(.ARM.Collect$$libinit$$0000002E)
    __rt_lib_init_argv_1                     0x08000217   Thumb Code     0  libinit2.o(.ARM.Collect$$libinit$$0000002C)
    __rt_lib_init_atexit_1                   0x08000217   Thumb Code     0  libinit2.o(.ARM.Collect$$libinit$$0000001B)
    __rt_lib_init_clock_1                    0x08000217   Thumb Code     0  libinit2.o(.ARM.Collect$$libinit$$00000021)
    __rt_lib_init_cpp_1                      0x08000217   Thumb Code     0  libinit2.o(.ARM.Collect$$libinit$$00000032)
    __rt_lib_init_exceptions_1               0x08000217   Thumb Code     0  libinit2.o(.ARM.Collect$$libinit$$00000030)
    __rt_lib_init_fp_trap_1                  0x08000217   Thumb Code     0  libinit2.o(.ARM.Collect$$libinit$$0000001F)
    __rt_lib_init_getenv_1                   0x08000217   Thumb Code     0  libinit2.o(.ARM.Collect$$libinit$$00000023)
    __rt_lib_init_lc_numeric_1               0x08000217   Thumb Code     0  libinit2.o(.ARM.Collect$$libinit$$00000017)
    __rt_lib_init_lc_time_1                  0x08000217   Thumb Code     0  libinit2.o(.ARM.Collect$$libinit$$00000019)
    __rt_lib_init_return                     0x08000217   Thumb Code     0  libinit2.o(.ARM.Collect$$libinit$$00000033)
    __rt_lib_init_signal_1                   0x08000217   Thumb Code     0  libinit2.o(.ARM.Collect$$libinit$$0000001D)
    __rt_lib_init_stdio_1                    0x08000217   Thumb Code     0  libinit2.o(.ARM.Collect$$libinit$$00000025)
    __rt_lib_shutdown                        0x08000219   Thumb Code     0  libshutdown.o(.ARM.Collect$$libshutdown$$00000000)
    __rt_lib_shutdown_cpp_1                  0x0800021b   Thumb Code     0  libshutdown2.o(.ARM.Collect$$libshutdown$$00000002)
    __rt_lib_shutdown_fp_trap_1              0x0800021b   Thumb Code     0  libshutdown2.o(.ARM.Collect$$libshutdown$$00000007)
    __rt_lib_shutdown_heap_1                 0x0800021b   Thumb Code     0  libshutdown2.o(.ARM.Collect$$libshutdown$$0000000F)
    __rt_lib_shutdown_return                 0x0800021b   Thumb Code     0  libshutdown2.o(.ARM.Collect$$libshutdown$$00000010)
    __rt_lib_shutdown_signal_1               0x0800021b   Thumb Code     0  libshutdown2.o(.ARM.Collect$$libshutdown$$0000000A)
    __rt_lib_shutdown_stdio_1                0x0800021b   Thumb Code     0  libshutdown2.o(.ARM.Collect$$libshutdown$$00000004)
    __rt_lib_shutdown_user_alloc_1           0x0800021b   Thumb Code     0  libshutdown2.o(.ARM.Collect$$libshutdown$$0000000C)
    __rt_entry                               0x0800021d   Thumb Code     0  __rtentry.o(.ARM.Collect$$rtentry$$00000000)
    __rt_entry_presh_1                       0x0800021d   Thumb Code     0  __rtentry2.o(.ARM.Collect$$rtentry$$00000002)
    __rt_entry_sh                            0x0800021d   Thumb Code     0  __rtentry4.o(.ARM.Collect$$rtentry$$00000004)
    __rt_entry_li                            0x08000223   Thumb Code     0  __rtentry2.o(.ARM.Collect$$rtentry$$0000000A)
    __rt_entry_postsh_1                      0x08000223   Thumb Code     0  __rtentry2.o(.ARM.Collect$$rtentry$$00000009)
    __rt_entry_main                          0x08000227   Thumb Code     0  __rtentry2.o(.ARM.Collect$$rtentry$$0000000D)
    __rt_entry_postli_1                      0x08000227   Thumb Code     0  __rtentry2.o(.ARM.Collect$$rtentry$$0000000C)
    __rt_exit                                0x0800022f   Thumb Code     0  rtexit.o(.ARM.Collect$$rtexit$$00000000)
    __rt_exit_ls                             0x08000231   Thumb Code     0  rtexit2.o(.ARM.Collect$$rtexit$$00000003)
    __rt_exit_prels_1                        0x08000231   Thumb Code     0  rtexit2.o(.ARM.Collect$$rtexit$$00000002)
    __rt_exit_exit                           0x08000235   Thumb Code     0  rtexit2.o(.ARM.Collect$$rtexit$$00000004)
    Reset_Handler                            0x0800023d   Thumb Code     8  startup_stm32f103xb.o(.text)
    _maybe_terminate_alloc                   0x0800023d   Thumb Code     0  maybetermalloc1.o(.emb_text)
    ADC1_2_IRQHandler                        0x08000257   Thumb Code     0  startup_stm32f103xb.o(.text)
    CAN1_RX1_IRQHandler                      0x08000257   Thumb Code     0  startup_stm32f103xb.o(.text)
    CAN1_SCE_IRQHandler                      0x08000257   Thumb Code     0  startup_stm32f103xb.o(.text)
    DMA1_Channel1_IRQHandler                 0x08000257   Thumb Code     0  startup_stm32f103xb.o(.text)
    DMA1_Channel2_IRQHandler                 0x08000257   Thumb Code     0  startup_stm32f103xb.o(.text)
    DMA1_Channel3_IRQHandler                 0x08000257   Thumb Code     0  startup_stm32f103xb.o(.text)
    DMA1_Channel4_IRQHandler                 0x08000257   Thumb Code     0  startup_stm32f103xb.o(.text)
    DMA1_Channel5_IRQHandler                 0x08000257   Thumb Code     0  startup_stm32f103xb.o(.text)
    DMA1_Channel6_IRQHandler                 0x08000257   Thumb Code     0  startup_stm32f103xb.o(.text)
    DMA1_Channel7_IRQHandler                 0x08000257   Thumb Code     0  startup_stm32f103xb.o(.text)
    EXTI0_IRQHandler                         0x08000257   Thumb Code     0  startup_stm32f103xb.o(.text)
    EXTI15_10_IRQHandler                     0x08000257   Thumb Code     0  startup_stm32f103xb.o(.text)
    EXTI1_IRQHandler                         0x08000257   Thumb Code     0  startup_stm32f103xb.o(.text)
    EXTI2_IRQHandler                         0x08000257   Thumb Code     0  startup_stm32f103xb.o(.text)
    EXTI3_IRQHandler                         0x08000257   Thumb Code     0  startup_stm32f103xb.o(.text)
    EXTI4_IRQHandler                         0x08000257   Thumb Code     0  startup_stm32f103xb.o(.text)
    EXTI9_5_IRQHandler                       0x08000257   Thumb Code     0  startup_stm32f103xb.o(.text)
    FLASH_IRQHandler                         0x08000257   Thumb Code     0  startup_stm32f103xb.o(.text)
    I2C1_ER_IRQHandler                       0x08000257   Thumb Code     0  startup_stm32f103xb.o(.text)
    I2C1_EV_IRQHandler                       0x08000257   Thumb Code     0  startup_stm32f103xb.o(.text)
    I2C2_ER_IRQHandler                       0x08000257   Thumb Code     0  startup_stm32f103xb.o(.text)
    I2C2_EV_IRQHandler                       0x08000257   Thumb Code     0  startup_stm32f103xb.o(.text)
    PVD_IRQHandler                           0x08000257   Thumb Code     0  startup_stm32f103xb.o(.text)
    RCC_IRQHandler                           0x08000257   Thumb Code     0  startup_stm32f103xb.o(.text)
    RTC_Alarm_IRQHandler                     0x08000257   Thumb Code     0  startup_stm32f103xb.o(.text)
    RTC_IRQHandler                           0x08000257   Thumb Code     0  startup_stm32f103xb.o(.text)
    SPI1_IRQHandler                          0x08000257   Thumb Code     0  startup_stm32f103xb.o(.text)
    SPI2_IRQHandler                          0x08000257   Thumb Code     0  startup_stm32f103xb.o(.text)
    TAMPER_IRQHandler                        0x08000257   Thumb Code     0  startup_stm32f103xb.o(.text)
    TIM1_BRK_IRQHandler                      0x08000257   Thumb Code     0  startup_stm32f103xb.o(.text)
    TIM1_CC_IRQHandler                       0x08000257   Thumb Code     0  startup_stm32f103xb.o(.text)
    TIM1_TRG_COM_IRQHandler                  0x08000257   Thumb Code     0  startup_stm32f103xb.o(.text)
    TIM1_UP_IRQHandler                       0x08000257   Thumb Code     0  startup_stm32f103xb.o(.text)
    TIM2_IRQHandler                          0x08000257   Thumb Code     0  startup_stm32f103xb.o(.text)
    TIM3_IRQHandler                          0x08000257   Thumb Code     0  startup_stm32f103xb.o(.text)
    TIM4_IRQHandler                          0x08000257   Thumb Code     0  startup_stm32f103xb.o(.text)
    USART1_IRQHandler                        0x08000257   Thumb Code     0  startup_stm32f103xb.o(.text)
    USART2_IRQHandler                        0x08000257   Thumb Code     0  startup_stm32f103xb.o(.text)
    USART3_IRQHandler                        0x08000257   Thumb Code     0  startup_stm32f103xb.o(.text)
    USBWakeUp_IRQHandler                     0x08000257   Thumb Code     0  startup_stm32f103xb.o(.text)
    USB_HP_CAN1_TX_IRQHandler                0x08000257   Thumb Code     0  startup_stm32f103xb.o(.text)
    USB_LP_CAN1_RX0_IRQHandler               0x08000257   Thumb Code     0  startup_stm32f103xb.o(.text)
    WWDG_IRQHandler                          0x08000257   Thumb Code     0  startup_stm32f103xb.o(.text)
    __user_initial_stackheap                 0x08000259   Thumb Code     0  startup_stm32f103xb.o(.text)
    malloc                                   0x0800027d   Thumb Code    94  h1_alloc.o(.text)
    free                                     0x080002db   Thumb Code    78  h1_free.o(.text)
    vsnprintf                                0x08000329   Thumb Code    48  vsnprintf.o(.text)
    __2sprintf                               0x0800035d   Thumb Code    38  __2sprintf.o(.text)
    _printf_str                              0x08000389   Thumb Code    82  _printf_str.o(.text)
    _printf_int_dec                          0x080003dd   Thumb Code   104  _printf_dec.o(.text)
    __printf                                 0x08000455   Thumb Code   388  __printf_flags_ss_wp.o(.text)
    __aeabi_memclr4                          0x080005dd   Thumb Code     0  rt_memclr_w.o(.text)
    __aeabi_memclr8                          0x080005dd   Thumb Code     0  rt_memclr_w.o(.text)
    __rt_memclr_w                            0x080005dd   Thumb Code    78  rt_memclr_w.o(.text)
    _memset_w                                0x080005e1   Thumb Code     0  rt_memclr_w.o(.text)
    __use_two_region_memory                  0x0800062b   Thumb Code     2  heapauxi.o(.text)
    __rt_heap_escrow                         0x0800062d   Thumb Code     2  heapauxi.o(.text)
    __rt_heap_expand                         0x0800062f   Thumb Code     2  heapauxi.o(.text)
    __rt_heap_descriptor                     0x08000631   Thumb Code     8  rt_heap_descriptor_intlibspace.o(.text)
    __use_no_heap                            0x08000639   Thumb Code     2  hguard.o(.text)
    __heap$guard                             0x0800063b   Thumb Code     2  hguard.o(.text)
    _terminate_user_alloc                    0x0800063d   Thumb Code     2  init_alloc.o(.text)
    _init_user_alloc                         0x0800063f   Thumb Code     2  init_alloc.o(.text)
    __Heap_Full                              0x08000641   Thumb Code    34  init_alloc.o(.text)
    __Heap_Broken                            0x08000663   Thumb Code     6  init_alloc.o(.text)
    _init_alloc                              0x08000669   Thumb Code    94  init_alloc.o(.text)
    __Heap_Initialize                        0x080006c7   Thumb Code    10  h1_init.o(.text)
    __Heap_DescSize                          0x080006d1   Thumb Code     4  h1_init.o(.text)
    _printf_pre_padding                      0x080006d5   Thumb Code    44  _printf_pad.o(.text)
    _printf_post_padding                     0x08000701   Thumb Code    34  _printf_pad.o(.text)
    _printf_truncate_signed                  0x08000723   Thumb Code    18  _printf_truncate.o(.text)
    _printf_truncate_unsigned                0x08000735   Thumb Code    18  _printf_truncate.o(.text)
    _printf_int_common                       0x08000747   Thumb Code   178  _printf_intcommon.o(.text)
    _printf_charcount                        0x080007f9   Thumb Code    40  _printf_charcount.o(.text)
    _printf_char_common                      0x0800082b   Thumb Code    32  _printf_char_common.o(.text)
    _sputc                                   0x08000851   Thumb Code    10  _sputc.o(.text)
    _snputc                                  0x0800085b   Thumb Code    16  _snputc.o(.text)
    _printf_cs_common                        0x0800086b   Thumb Code    20  _printf_char.o(.text)
    _printf_char                             0x0800087f   Thumb Code    16  _printf_char.o(.text)
    _printf_string                           0x0800088f   Thumb Code     8  _printf_char.o(.text)
    _printf_wctomb                           0x08000899   Thumb Code   182  _printf_wctomb.o(.text)
    _printf_longlong_dec                     0x08000955   Thumb Code   108  _printf_longlong_dec.o(.text)
    _printf_longlong_oct                     0x080009d1   Thumb Code    66  _printf_oct_int_ll.o(.text)
    _printf_int_oct                          0x08000a13   Thumb Code    24  _printf_oct_int_ll.o(.text)
    _printf_ll_oct                           0x08000a2b   Thumb Code    12  _printf_oct_int_ll.o(.text)
    _printf_longlong_hex                     0x08000a41   Thumb Code    86  _printf_hex_int_ll_ptr.o(.text)
    _printf_int_hex                          0x08000a97   Thumb Code    28  _printf_hex_int_ll_ptr.o(.text)
    _printf_ll_hex                           0x08000ab3   Thumb Code    12  _printf_hex_int_ll_ptr.o(.text)
    _printf_hex_ptr                          0x08000abf   Thumb Code    18  _printf_hex_int_ll_ptr.o(.text)
    __user_libspace                          0x08000ad5   Thumb Code     8  libspace.o(.text)
    __user_perproc_libspace                  0x08000ad5   Thumb Code     0  libspace.o(.text)
    __user_perthread_libspace                0x08000ad5   Thumb Code     0  libspace.o(.text)
    __Heap_ProvideMemory                     0x08000add   Thumb Code    52  h1_extend.o(.text)
    _ll_udiv10                               0x08000b11   Thumb Code   138  lludiv10.o(.text)
    __lib_sel_fp_printf                      0x08000b9b   Thumb Code     2  _printf_fp_dec.o(.text)
    _printf_fp_dec_real                      0x08000d4d   Thumb Code   620  _printf_fp_dec.o(.text)
    _printf_fp_hex_real                      0x08000fb9   Thumb Code   756  _printf_fp_hex.o(.text)
    _printf_lcs_common                       0x080012b5   Thumb Code    20  _printf_wchar.o(.text)
    _printf_wchar                            0x080012c9   Thumb Code    16  _printf_wchar.o(.text)
    _printf_wstring                          0x080012d9   Thumb Code     8  _printf_wchar.o(.text)
    _wcrtomb                                 0x080012e1   Thumb Code    64  _wcrtomb.o(.text)
    __rt_SIGRTMEM                            0x08001321   Thumb Code    14  defsig_rtmem_outer.o(.text)
    __I$use$semihosting                      0x0800132f   Thumb Code     0  use_no_semi.o(.text)
    __use_no_semihosting_swi                 0x0800132f   Thumb Code     2  use_no_semi.o(.text)
    __semihosting_library_function           0x08001331   Thumb Code     0  indicate_semi.o(.text)
    __user_setup_stackheap                   0x08001331   Thumb Code    74  sys_stackheap_outer.o(.text)
    __rt_ctype_table                         0x0800137d   Thumb Code    16  rt_ctype_table.o(.text)
    __rt_locale                              0x0800138d   Thumb Code     8  rt_locale_intlibspace.o(.text)
    _printf_fp_infnan                        0x08001395   Thumb Code   112  _printf_fp_infnan.o(.text)
    _btod_etento                             0x08001415   Thumb Code   224  bigflt0.o(.text)
    exit                                     0x080014f9   Thumb Code    18  exit.o(.text)
    __sig_exit                               0x0800150b   Thumb Code    10  defsig_exit.o(.text)
    __rt_SIGRTMEM_inner                      0x08001515   Thumb Code    22  defsig_rtmem_inner.o(.text)
    _sys_exit                                0x08001565   Thumb Code     8  sys_exit.o(.text)
    __default_signal_display                 0x08001571   Thumb Code    50  defsig_general.o(.text)
    strcmp                                   0x080015a5   Thumb Code   128  strcmpv7m.o(.text)
    _ttywrch                                 0x08001625   Thumb Code    14  sys_wrch.o(.text)
    _btod_d2e                                0x08001633   Thumb Code    62  btod.o(CL$$btod_d2e)
    _d2e_denorm_low                          0x08001671   Thumb Code    70  btod.o(CL$$btod_d2e_denorm_low)
    _d2e_norm_op1                            0x080016b7   Thumb Code    96  btod.o(CL$$btod_d2e_norm_op1)
    __btod_div_common                        0x08001717   Thumb Code   696  btod.o(CL$$btod_div_common)
    _e2e                                     0x08001a4f   Thumb Code   220  btod.o(CL$$btod_e2e)
    _btod_ediv                               0x08001b2b   Thumb Code    42  btod.o(CL$$btod_ediv)
    _btod_emul                               0x08001b55   Thumb Code    42  btod.o(CL$$btod_emul)
    __btod_mult_common                       0x08001b7f   Thumb Code   580  btod.o(CL$$btod_mult_common)
    BusFault_Handler                         0x08001dc3   Thumb Code     2  stm32f1xx_it.o(i.BusFault_Handler)
    DebugMon_Handler                         0x08001dc5   Thumb Code     2  stm32f1xx_it.o(i.DebugMon_Handler)
    Error_Handler                            0x08001dc7   Thumb Code     4  main.o(i.Error_Handler)
    HAL_Delay                                0x08001dcd   Thumb Code    32  stm32f1xx_hal.o(i.HAL_Delay)
    HAL_GPIO_Init                            0x08001df1   Thumb Code   446  stm32f1xx_hal_gpio.o(i.HAL_GPIO_Init)
    HAL_GPIO_WritePin                        0x08001fd1   Thumb Code    10  stm32f1xx_hal_gpio.o(i.HAL_GPIO_WritePin)
    HAL_GetTick                              0x08001fdd   Thumb Code     6  stm32f1xx_hal.o(i.HAL_GetTick)
    HAL_I2C_Init                             0x08001fe9   Thumb Code   376  stm32f1xx_hal_i2c.o(i.HAL_I2C_Init)
    HAL_I2C_Mem_Write                        0x08002171   Thumb Code   294  stm32f1xx_hal_i2c.o(i.HAL_I2C_Mem_Write)
    HAL_I2C_MspInit                          0x080022a1   Thumb Code    80  i2c.o(i.HAL_I2C_MspInit)
    HAL_IncTick                              0x080022fd   Thumb Code    12  stm32f1xx_hal.o(i.HAL_IncTick)
    HAL_Init                                 0x0800230d   Thumb Code    32  stm32f1xx_hal.o(i.HAL_Init)
    HAL_InitTick                             0x08002331   Thumb Code    54  stm32f1xx_hal.o(i.HAL_InitTick)
    HAL_MspInit                              0x08002371   Thumb Code    52  stm32f1xx_hal_msp.o(i.HAL_MspInit)
    HAL_NVIC_SetPriority                     0x080023ad   Thumb Code    60  stm32f1xx_hal_cortex.o(i.HAL_NVIC_SetPriority)
    HAL_NVIC_SetPriorityGrouping             0x080023ed   Thumb Code    26  stm32f1xx_hal_cortex.o(i.HAL_NVIC_SetPriorityGrouping)
    HAL_RCC_ClockConfig                      0x08002411   Thumb Code   280  stm32f1xx_hal_rcc.o(i.HAL_RCC_ClockConfig)
    HAL_RCC_GetPCLK1Freq                     0x0800253d   Thumb Code    20  stm32f1xx_hal_rcc.o(i.HAL_RCC_GetPCLK1Freq)
    HAL_RCC_GetPCLK2Freq                     0x0800255d   Thumb Code    20  stm32f1xx_hal_rcc.o(i.HAL_RCC_GetPCLK2Freq)
    HAL_RCC_GetSysClockFreq                  0x0800257d   Thumb Code    74  stm32f1xx_hal_rcc.o(i.HAL_RCC_GetSysClockFreq)
    HAL_RCC_OscConfig                        0x080025e9   Thumb Code   778  stm32f1xx_hal_rcc.o(i.HAL_RCC_OscConfig)
    HAL_SYSTICK_Config                       0x08002909   Thumb Code    40  stm32f1xx_hal_cortex.o(i.HAL_SYSTICK_Config)
    HAL_UART_Init                            0x08002931   Thumb Code    98  stm32f1xx_hal_uart.o(i.HAL_UART_Init)
    HAL_UART_MspInit                         0x08002995   Thumb Code   100  usart.o(i.HAL_UART_MspInit)
    HardFault_Handler                        0x08002a05   Thumb Code     2  stm32f1xx_it.o(i.HardFault_Handler)
    MX_GPIO_Init                             0x08002c75   Thumb Code   120  gpio.o(i.MX_GPIO_Init)
    MX_I2C1_Init                             0x08002cf5   Thumb Code    50  i2c.o(i.MX_I2C1_Init)
    MX_USART1_UART_Init                      0x08002d35   Thumb Code    48  usart.o(i.MX_USART1_UART_Init)
    MemManage_Handler                        0x08002d6d   Thumb Code     2  stm32f1xx_it.o(i.MemManage_Handler)
    NMI_Handler                              0x08002d6f   Thumb Code     2  stm32f1xx_it.o(i.NMI_Handler)
    OLED_Clear                               0x08002d71   Thumb Code    40  oled.o(i.OLED_Clear)
    OLED_DrawPoint                           0x08002d9d   Thumb Code    54  oled.o(i.OLED_DrawPoint)
    OLED_Init                                0x08002dd9   Thumb Code   210  oled.o(i.OLED_Init)
    OLED_Refresh_Gram                        0x08002ead   Thumb Code    70  oled.o(i.OLED_Refresh_Gram)
    OLED_ShowChar                            0x08002ef9   Thumb Code   162  oled.o(i.OLED_ShowChar)
    OLED_ShowString                          0x08002fa9   Thumb Code    86  oled.o(i.OLED_ShowString)
    OLED_ShowString_16                       0x08002fff   Thumb Code    96  oled.o(i.OLED_ShowString_16)
    OLED_WR_Byte                             0x0800305f   Thumb Code    10  oled.o(i.OLED_WR_Byte)
    OLED_printf                              0x08003069   Thumb Code   114  oled.o(i.OLED_printf)
    PendSV_Handler                           0x080030e1   Thumb Code     2  stm32f1xx_it.o(i.PendSV_Handler)
    SVC_Handler                              0x080030e3   Thumb Code     2  stm32f1xx_it.o(i.SVC_Handler)
    SysTick_Handler                          0x080030e5   Thumb Code     4  stm32f1xx_it.o(i.SysTick_Handler)
    SystemClock_Config                       0x080030e9   Thumb Code    94  main.o(i.SystemClock_Config)
    SystemInit                               0x08003147   Thumb Code     2  system_stm32f1xx.o(i.SystemInit)
    UsageFault_Handler                       0x08003201   Thumb Code     2  stm32f1xx_it.o(i.UsageFault_Handler)
    WriteCmd                                 0x08003205   Thumb Code    30  oled.o(i.WriteCmd)
    WriteDat                                 0x08003229   Thumb Code    30  oled.o(i.WriteDat)
    __ARM_fpclassify                         0x0800324d   Thumb Code    40  fpclassify.o(i.__ARM_fpclassify)
    _is_digit                                0x08003295   Thumb Code    14  __printf_wp.o(i._is_digit)
    main                                     0x080032a5   Thumb Code    60  main.o(i.main)
    _get_lc_numeric                          0x080032f1   Thumb Code    44  lc_numeric_c.o(locale$$code)
    _get_lc_ctype                            0x0800331d   Thumb Code    44  lc_ctype_c.o(locale$$code)
    _printf_fp_dec                           0x08003349   Thumb Code     4  printf1.o(x$fpl$printf1)
    _printf_fp_hex                           0x0800334d   Thumb Code     4  printf2.o(x$fpl$printf2)
    AHBPrescTable                            0x08003350   Data          16  system_stm32f1xx.o(.constdata)
    __I$use$fp                               0x08003350   Number         0  usenofp.o(x$fpl$usenofp)
    APBPrescTable                            0x08003360   Data           8  system_stm32f1xx.o(.constdata)
    asc2_1206                                0x08003368   Data        1140  oled.o(.constdata)
    asc2_1608                                0x080037dc   Data        1520  oled.o(.constdata)
    asc2_2412                                0x08003dcc   Data        3420  oled.o(.constdata)
    Region$$Table$$Base                      0x08004c28   Number         0  anon$$obj.o(Region$$Table)
    Region$$Table$$Limit                     0x08004c48   Number         0  anon$$obj.o(Region$$Table)
    __ctype                                  0x08004c71   Data           0  lc_ctype_c.o(locale$$data)
    uwTickFreq                               0x20000000   Data           1  stm32f1xx_hal.o(.data)
    uwTickPrio                               0x20000004   Data           4  stm32f1xx_hal.o(.data)
    uwTick                                   0x20000008   Data           4  stm32f1xx_hal.o(.data)
    SystemCoreClock                          0x2000000c   Data           4  system_stm32f1xx.o(.data)
    hi2c1                                    0x20000010   Data          84  i2c.o(.bss)
    huart1                                   0x20000064   Data          68  usart.o(.bss)
    OLED_GRAM                                0x200000a8   Data        1024  oled.o(.bss)
    __libspace_start                         0x200004a8   Data          96  libspace.o(.bss)
    __temporary_stack_top$libspace           0x20000508   Data           0  libspace.o(.bss)



==============================================================================

Memory Map of the image

  Image Entry point : 0x080000ed

  Load Region LR_IROM1 (Base: 0x08000000, Size: 0x00004d84, Max: 0x00010000, ABSOLUTE)

    Execution Region ER_IROM1 (Exec base: 0x08000000, Load base: 0x08000000, Size: 0x00004d74, Max: 0x00010000, ABSOLUTE)

    Exec Addr    Load Addr    Size         Type   Attr      Idx    E Section Name        Object

    0x08000000   0x08000000   0x000000ec   Data   RO            3    RESET               startup_stm32f103xb.o
    0x080000ec   0x080000ec   0x00000008   Code   RO         2553  * !!!main             c_w.l(__main.o)
    0x080000f4   0x080000f4   0x00000034   Code   RO         2893    !!!scatter          c_w.l(__scatter.o)
    0x08000128   0x08000128   0x0000001a   Code   RO         2895    !!handler_copy      c_w.l(__scatter_copy.o)
    0x08000142   0x08000142   0x00000002   PAD
    0x08000144   0x08000144   0x0000001c   Code   RO         2897    !!handler_zi        c_w.l(__scatter_zi.o)
    0x08000160   0x08000160   0x00000000   Code   RO         2546    .ARM.Collect$$_printf_percent$$00000000  c_w.l(_printf_percent.o)
    0x08000160   0x08000160   0x00000006   Code   RO         2632    .ARM.Collect$$_printf_percent$$00000001  c_w.l(_printf_n.o)
    0x08000166   0x08000166   0x00000006   Code   RO         2634    .ARM.Collect$$_printf_percent$$00000002  c_w.l(_printf_p.o)
    0x0800016c   0x0800016c   0x00000006   Code   RO         2638    .ARM.Collect$$_printf_percent$$00000003  c_w.l(_printf_f.o)
    0x08000172   0x08000172   0x00000006   Code   RO         2639    .ARM.Collect$$_printf_percent$$00000004  c_w.l(_printf_e.o)
    0x08000178   0x08000178   0x00000006   Code   RO         2640    .ARM.Collect$$_printf_percent$$00000005  c_w.l(_printf_g.o)
    0x0800017e   0x0800017e   0x00000006   Code   RO         2641    .ARM.Collect$$_printf_percent$$00000006  c_w.l(_printf_a.o)
    0x08000184   0x08000184   0x0000000a   Code   RO         2646    .ARM.Collect$$_printf_percent$$00000007  c_w.l(_printf_ll.o)
    0x0800018e   0x0800018e   0x00000006   Code   RO         2636    .ARM.Collect$$_printf_percent$$00000008  c_w.l(_printf_i.o)
    0x08000194   0x08000194   0x00000006   Code   RO         2545    .ARM.Collect$$_printf_percent$$00000009  c_w.l(_printf_d.o)
    0x0800019a   0x0800019a   0x00000006   Code   RO         2637    .ARM.Collect$$_printf_percent$$0000000A  c_w.l(_printf_u.o)
    0x080001a0   0x080001a0   0x00000006   Code   RO         2635    .ARM.Collect$$_printf_percent$$0000000B  c_w.l(_printf_o.o)
    0x080001a6   0x080001a6   0x00000006   Code   RO         2633    .ARM.Collect$$_printf_percent$$0000000C  c_w.l(_printf_x.o)
    0x080001ac   0x080001ac   0x00000006   Code   RO         2643    .ARM.Collect$$_printf_percent$$0000000D  c_w.l(_printf_lli.o)
    0x080001b2   0x080001b2   0x00000006   Code   RO         2644    .ARM.Collect$$_printf_percent$$0000000E  c_w.l(_printf_lld.o)
    0x080001b8   0x080001b8   0x00000006   Code   RO         2645    .ARM.Collect$$_printf_percent$$0000000F  c_w.l(_printf_llu.o)
    0x080001be   0x080001be   0x00000006   Code   RO         2650    .ARM.Collect$$_printf_percent$$00000010  c_w.l(_printf_llo.o)
    0x080001c4   0x080001c4   0x00000006   Code   RO         2651    .ARM.Collect$$_printf_percent$$00000011  c_w.l(_printf_llx.o)
    0x080001ca   0x080001ca   0x0000000a   Code   RO         2647    .ARM.Collect$$_printf_percent$$00000012  c_w.l(_printf_l.o)
    0x080001d4   0x080001d4   0x00000006   Code   RO         2631    .ARM.Collect$$_printf_percent$$00000013  c_w.l(_printf_c.o)
    0x080001da   0x080001da   0x00000006   Code   RO         2544    .ARM.Collect$$_printf_percent$$00000014  c_w.l(_printf_s.o)
    0x080001e0   0x080001e0   0x00000006   Code   RO         2648    .ARM.Collect$$_printf_percent$$00000015  c_w.l(_printf_lc.o)
    0x080001e6   0x080001e6   0x00000006   Code   RO         2649    .ARM.Collect$$_printf_percent$$00000016  c_w.l(_printf_ls.o)
    0x080001ec   0x080001ec   0x00000004   Code   RO         2642    .ARM.Collect$$_printf_percent$$00000017  c_w.l(_printf_percent_end.o)
    0x080001f0   0x080001f0   0x00000002   Code   RO         2822    .ARM.Collect$$libinit$$00000000  c_w.l(libinit.o)
    0x080001f2   0x080001f2   0x00000000   Code   RO         2657    .ARM.Collect$$libinit$$00000002  c_w.l(libinit2.o)
    0x080001f2   0x080001f2   0x00000000   Code   RO         2659    .ARM.Collect$$libinit$$00000004  c_w.l(libinit2.o)
    0x080001f2   0x080001f2   0x00000008   Code   RO         2660    .ARM.Collect$$libinit$$00000005  c_w.l(libinit2.o)
    0x080001fa   0x080001fa   0x00000000   Code   RO         2662    .ARM.Collect$$libinit$$0000000A  c_w.l(libinit2.o)
    0x080001fa   0x080001fa   0x00000000   Code   RO         2664    .ARM.Collect$$libinit$$0000000C  c_w.l(libinit2.o)
    0x080001fa   0x080001fa   0x00000000   Code   RO         2666    .ARM.Collect$$libinit$$0000000E  c_w.l(libinit2.o)
    0x080001fa   0x080001fa   0x00000006   Code   RO         2667    .ARM.Collect$$libinit$$0000000F  c_w.l(libinit2.o)
    0x08000200   0x08000200   0x00000000   Code   RO         2669    .ARM.Collect$$libinit$$00000011  c_w.l(libinit2.o)
    0x08000200   0x08000200   0x0000000c   Code   RO         2670    .ARM.Collect$$libinit$$00000012  c_w.l(libinit2.o)
    0x0800020c   0x0800020c   0x00000000   Code   RO         2671    .ARM.Collect$$libinit$$00000013  c_w.l(libinit2.o)
    0x0800020c   0x0800020c   0x00000000   Code   RO         2673    .ARM.Collect$$libinit$$00000015  c_w.l(libinit2.o)
    0x0800020c   0x0800020c   0x0000000a   Code   RO         2674    .ARM.Collect$$libinit$$00000016  c_w.l(libinit2.o)
    0x08000216   0x08000216   0x00000000   Code   RO         2675    .ARM.Collect$$libinit$$00000017  c_w.l(libinit2.o)
    0x08000216   0x08000216   0x00000000   Code   RO         2677    .ARM.Collect$$libinit$$00000019  c_w.l(libinit2.o)
    0x08000216   0x08000216   0x00000000   Code   RO         2679    .ARM.Collect$$libinit$$0000001B  c_w.l(libinit2.o)
    0x08000216   0x08000216   0x00000000   Code   RO         2681    .ARM.Collect$$libinit$$0000001D  c_w.l(libinit2.o)
    0x08000216   0x08000216   0x00000000   Code   RO         2683    .ARM.Collect$$libinit$$0000001F  c_w.l(libinit2.o)
    0x08000216   0x08000216   0x00000000   Code   RO         2685    .ARM.Collect$$libinit$$00000021  c_w.l(libinit2.o)
    0x08000216   0x08000216   0x00000000   Code   RO         2687    .ARM.Collect$$libinit$$00000023  c_w.l(libinit2.o)
    0x08000216   0x08000216   0x00000000   Code   RO         2689    .ARM.Collect$$libinit$$00000025  c_w.l(libinit2.o)
    0x08000216   0x08000216   0x00000000   Code   RO         2693    .ARM.Collect$$libinit$$0000002C  c_w.l(libinit2.o)
    0x08000216   0x08000216   0x00000000   Code   RO         2695    .ARM.Collect$$libinit$$0000002E  c_w.l(libinit2.o)
    0x08000216   0x08000216   0x00000000   Code   RO         2697    .ARM.Collect$$libinit$$00000030  c_w.l(libinit2.o)
    0x08000216   0x08000216   0x00000000   Code   RO         2699    .ARM.Collect$$libinit$$00000032  c_w.l(libinit2.o)
    0x08000216   0x08000216   0x00000002   Code   RO         2700    .ARM.Collect$$libinit$$00000033  c_w.l(libinit2.o)
    0x08000218   0x08000218   0x00000002   Code   RO         2890    .ARM.Collect$$libshutdown$$00000000  c_w.l(libshutdown.o)
    0x0800021a   0x0800021a   0x00000000   Code   RO         2846    .ARM.Collect$$libshutdown$$00000002  c_w.l(libshutdown2.o)
    0x0800021a   0x0800021a   0x00000000   Code   RO         2848    .ARM.Collect$$libshutdown$$00000004  c_w.l(libshutdown2.o)
    0x0800021a   0x0800021a   0x00000000   Code   RO         2851    .ARM.Collect$$libshutdown$$00000007  c_w.l(libshutdown2.o)
    0x0800021a   0x0800021a   0x00000000   Code   RO         2854    .ARM.Collect$$libshutdown$$0000000A  c_w.l(libshutdown2.o)
    0x0800021a   0x0800021a   0x00000000   Code   RO         2856    .ARM.Collect$$libshutdown$$0000000C  c_w.l(libshutdown2.o)
    0x0800021a   0x0800021a   0x00000000   Code   RO         2859    .ARM.Collect$$libshutdown$$0000000F  c_w.l(libshutdown2.o)
    0x0800021a   0x0800021a   0x00000002   Code   RO         2860    .ARM.Collect$$libshutdown$$00000010  c_w.l(libshutdown2.o)
    0x0800021c   0x0800021c   0x00000000   Code   RO         2557    .ARM.Collect$$rtentry$$00000000  c_w.l(__rtentry.o)
    0x0800021c   0x0800021c   0x00000000   Code   RO         2715    .ARM.Collect$$rtentry$$00000002  c_w.l(__rtentry2.o)
    0x0800021c   0x0800021c   0x00000006   Code   RO         2727    .ARM.Collect$$rtentry$$00000004  c_w.l(__rtentry4.o)
    0x08000222   0x08000222   0x00000000   Code   RO         2717    .ARM.Collect$$rtentry$$00000009  c_w.l(__rtentry2.o)
    0x08000222   0x08000222   0x00000004   Code   RO         2718    .ARM.Collect$$rtentry$$0000000A  c_w.l(__rtentry2.o)
    0x08000226   0x08000226   0x00000000   Code   RO         2720    .ARM.Collect$$rtentry$$0000000C  c_w.l(__rtentry2.o)
    0x08000226   0x08000226   0x00000008   Code   RO         2721    .ARM.Collect$$rtentry$$0000000D  c_w.l(__rtentry2.o)
    0x0800022e   0x0800022e   0x00000002   Code   RO         2830    .ARM.Collect$$rtexit$$00000000  c_w.l(rtexit.o)
    0x08000230   0x08000230   0x00000000   Code   RO         2864    .ARM.Collect$$rtexit$$00000002  c_w.l(rtexit2.o)
    0x08000230   0x08000230   0x00000004   Code   RO         2865    .ARM.Collect$$rtexit$$00000003  c_w.l(rtexit2.o)
    0x08000234   0x08000234   0x00000006   Code   RO         2866    .ARM.Collect$$rtexit$$00000004  c_w.l(rtexit2.o)
    0x0800023a   0x0800023a   0x00000002   PAD
    0x0800023c   0x0800023c   0x00000000   Code   RO         2731    .emb_text           c_w.l(maybetermalloc1.o)
    0x0800023c   0x0800023c   0x00000040   Code   RO            4    .text               startup_stm32f103xb.o
    0x0800027c   0x0800027c   0x0000005e   Code   RO         2452    .text               c_w.l(h1_alloc.o)
    0x080002da   0x080002da   0x0000004e   Code   RO         2454    .text               c_w.l(h1_free.o)
    0x08000328   0x08000328   0x00000034   Code   RO         2512    .text               c_w.l(vsnprintf.o)
    0x0800035c   0x0800035c   0x0000002c   Code   RO         2514    .text               c_w.l(__2sprintf.o)
    0x08000388   0x08000388   0x00000052   Code   RO         2520    .text               c_w.l(_printf_str.o)
    0x080003da   0x080003da   0x00000002   PAD
    0x080003dc   0x080003dc   0x00000078   Code   RO         2522    .text               c_w.l(_printf_dec.o)
    0x08000454   0x08000454   0x00000188   Code   RO         2541    .text               c_w.l(__printf_flags_ss_wp.o)
    0x080005dc   0x080005dc   0x0000004e   Code   RO         2549    .text               c_w.l(rt_memclr_w.o)
    0x0800062a   0x0800062a   0x00000006   Code   RO         2551    .text               c_w.l(heapauxi.o)
    0x08000630   0x08000630   0x00000008   Code   RO         2561    .text               c_w.l(rt_heap_descriptor_intlibspace.o)
    0x08000638   0x08000638   0x00000004   Code   RO         2563    .text               c_w.l(hguard.o)
    0x0800063c   0x0800063c   0x0000008a   Code   RO         2565    .text               c_w.l(init_alloc.o)
    0x080006c6   0x080006c6   0x0000000e   Code   RO         2569    .text               c_w.l(h1_init.o)
    0x080006d4   0x080006d4   0x0000004e   Code   RO         2583    .text               c_w.l(_printf_pad.o)
    0x08000722   0x08000722   0x00000024   Code   RO         2585    .text               c_w.l(_printf_truncate.o)
    0x08000746   0x08000746   0x000000b2   Code   RO         2587    .text               c_w.l(_printf_intcommon.o)
    0x080007f8   0x080007f8   0x00000028   Code   RO         2589    .text               c_w.l(_printf_charcount.o)
    0x08000820   0x08000820   0x00000030   Code   RO         2591    .text               c_w.l(_printf_char_common.o)
    0x08000850   0x08000850   0x0000000a   Code   RO         2593    .text               c_w.l(_sputc.o)
    0x0800085a   0x0800085a   0x00000010   Code   RO         2595    .text               c_w.l(_snputc.o)
    0x0800086a   0x0800086a   0x0000002c   Code   RO         2597    .text               c_w.l(_printf_char.o)
    0x08000896   0x08000896   0x00000002   PAD
    0x08000898   0x08000898   0x000000bc   Code   RO         2599    .text               c_w.l(_printf_wctomb.o)
    0x08000954   0x08000954   0x0000007c   Code   RO         2602    .text               c_w.l(_printf_longlong_dec.o)
    0x080009d0   0x080009d0   0x00000070   Code   RO         2608    .text               c_w.l(_printf_oct_int_ll.o)
    0x08000a40   0x08000a40   0x00000094   Code   RO         2628    .text               c_w.l(_printf_hex_int_ll_ptr.o)
    0x08000ad4   0x08000ad4   0x00000008   Code   RO         2711    .text               c_w.l(libspace.o)
    0x08000adc   0x08000adc   0x00000034   Code   RO         2733    .text               c_w.l(h1_extend.o)
    0x08000b10   0x08000b10   0x0000008a   Code   RO         2737    .text               c_w.l(lludiv10.o)
    0x08000b9a   0x08000b9a   0x0000041e   Code   RO         2739    .text               c_w.l(_printf_fp_dec.o)
    0x08000fb8   0x08000fb8   0x000002fc   Code   RO         2741    .text               c_w.l(_printf_fp_hex.o)
    0x080012b4   0x080012b4   0x0000002c   Code   RO         2746    .text               c_w.l(_printf_wchar.o)
    0x080012e0   0x080012e0   0x00000040   Code   RO         2748    .text               c_w.l(_wcrtomb.o)
    0x08001320   0x08001320   0x0000000e   Code   RO         2750    .text               c_w.l(defsig_rtmem_outer.o)
    0x0800132e   0x0800132e   0x00000002   Code   RO         2761    .text               c_w.l(use_no_semi.o)
    0x08001330   0x08001330   0x00000000   Code   RO         2763    .text               c_w.l(indicate_semi.o)
    0x08001330   0x08001330   0x0000004a   Code   RO         2764    .text               c_w.l(sys_stackheap_outer.o)
    0x0800137a   0x0800137a   0x00000002   PAD
    0x0800137c   0x0800137c   0x00000010   Code   RO         2766    .text               c_w.l(rt_ctype_table.o)
    0x0800138c   0x0800138c   0x00000008   Code   RO         2773    .text               c_w.l(rt_locale_intlibspace.o)
    0x08001394   0x08001394   0x00000080   Code   RO         2777    .text               c_w.l(_printf_fp_infnan.o)
    0x08001414   0x08001414   0x000000e4   Code   RO         2779    .text               c_w.l(bigflt0.o)
    0x080014f8   0x080014f8   0x00000012   Code   RO         2807    .text               c_w.l(exit.o)
    0x0800150a   0x0800150a   0x0000000a   Code   RO         2809    .text               c_w.l(defsig_exit.o)
    0x08001514   0x08001514   0x00000050   Code   RO         2811    .text               c_w.l(defsig_rtmem_inner.o)
    0x08001564   0x08001564   0x0000000c   Code   RO         2828    .text               c_w.l(sys_exit.o)
    0x08001570   0x08001570   0x00000032   Code   RO         2841    .text               c_w.l(defsig_general.o)
    0x080015a2   0x080015a2   0x00000002   PAD
    0x080015a4   0x080015a4   0x00000080   Code   RO         2843    .text               c_w.l(strcmpv7m.o)
    0x08001624   0x08001624   0x0000000e   Code   RO         2861    .text               c_w.l(sys_wrch.o)
    0x08001632   0x08001632   0x0000003e   Code   RO         2782    CL$$btod_d2e        c_w.l(btod.o)
    0x08001670   0x08001670   0x00000046   Code   RO         2784    CL$$btod_d2e_denorm_low  c_w.l(btod.o)
    0x080016b6   0x080016b6   0x00000060   Code   RO         2783    CL$$btod_d2e_norm_op1  c_w.l(btod.o)
    0x08001716   0x08001716   0x00000338   Code   RO         2792    CL$$btod_div_common  c_w.l(btod.o)
    0x08001a4e   0x08001a4e   0x000000dc   Code   RO         2789    CL$$btod_e2e        c_w.l(btod.o)
    0x08001b2a   0x08001b2a   0x0000002a   Code   RO         2786    CL$$btod_ediv       c_w.l(btod.o)
    0x08001b54   0x08001b54   0x0000002a   Code   RO         2785    CL$$btod_emul       c_w.l(btod.o)
    0x08001b7e   0x08001b7e   0x00000244   Code   RO         2791    CL$$btod_mult_common  c_w.l(btod.o)
    0x08001dc2   0x08001dc2   0x00000002   Code   RO          272    i.BusFault_Handler  stm32f1xx_it.o
    0x08001dc4   0x08001dc4   0x00000002   Code   RO          273    i.DebugMon_Handler  stm32f1xx_it.o
    0x08001dc6   0x08001dc6   0x00000004   Code   RO           13    i.Error_Handler     main.o
    0x08001dca   0x08001dca   0x00000002   PAD
    0x08001dcc   0x08001dcc   0x00000024   Code   RO          846    i.HAL_Delay         stm32f1xx_hal.o
    0x08001df0   0x08001df0   0x000001e0   Code   RO         1154    i.HAL_GPIO_Init     stm32f1xx_hal_gpio.o
    0x08001fd0   0x08001fd0   0x0000000a   Code   RO         1158    i.HAL_GPIO_WritePin  stm32f1xx_hal_gpio.o
    0x08001fda   0x08001fda   0x00000002   PAD
    0x08001fdc   0x08001fdc   0x0000000c   Code   RO          850    i.HAL_GetTick       stm32f1xx_hal.o
    0x08001fe8   0x08001fe8   0x00000188   Code   RO          418    i.HAL_I2C_Init      stm32f1xx_hal_i2c.o
    0x08002170   0x08002170   0x00000130   Code   RO          439    i.HAL_I2C_Mem_Write  stm32f1xx_hal_i2c.o
    0x080022a0   0x080022a0   0x0000005c   Code   RO          189    i.HAL_I2C_MspInit   i2c.o
    0x080022fc   0x080022fc   0x00000010   Code   RO          856    i.HAL_IncTick       stm32f1xx_hal.o
    0x0800230c   0x0800230c   0x00000024   Code   RO          857    i.HAL_Init          stm32f1xx_hal.o
    0x08002330   0x08002330   0x00000040   Code   RO          858    i.HAL_InitTick      stm32f1xx_hal.o
    0x08002370   0x08002370   0x0000003c   Code   RO          347    i.HAL_MspInit       stm32f1xx_hal_msp.o
    0x080023ac   0x080023ac   0x00000040   Code   RO         1320    i.HAL_NVIC_SetPriority  stm32f1xx_hal_cortex.o
    0x080023ec   0x080023ec   0x00000024   Code   RO         1321    i.HAL_NVIC_SetPriorityGrouping  stm32f1xx_hal_cortex.o
    0x08002410   0x08002410   0x0000012c   Code   RO         1014    i.HAL_RCC_ClockConfig  stm32f1xx_hal_rcc.o
    0x0800253c   0x0800253c   0x00000020   Code   RO         1021    i.HAL_RCC_GetPCLK1Freq  stm32f1xx_hal_rcc.o
    0x0800255c   0x0800255c   0x00000020   Code   RO         1022    i.HAL_RCC_GetPCLK2Freq  stm32f1xx_hal_rcc.o
    0x0800257c   0x0800257c   0x0000006c   Code   RO         1023    i.HAL_RCC_GetSysClockFreq  stm32f1xx_hal_rcc.o
    0x080025e8   0x080025e8   0x00000320   Code   RO         1026    i.HAL_RCC_OscConfig  stm32f1xx_hal_rcc.o
    0x08002908   0x08002908   0x00000028   Code   RO         1325    i.HAL_SYSTICK_Config  stm32f1xx_hal_cortex.o
    0x08002930   0x08002930   0x00000062   Code   RO         1879    i.HAL_UART_Init     stm32f1xx_hal_uart.o
    0x08002992   0x08002992   0x00000002   PAD
    0x08002994   0x08002994   0x00000070   Code   RO          231    i.HAL_UART_MspInit  usart.o
    0x08002a04   0x08002a04   0x00000002   Code   RO          274    i.HardFault_Handler  stm32f1xx_it.o
    0x08002a06   0x08002a06   0x0000002e   Code   RO          460    i.I2C_IsAcknowledgeFailed  stm32f1xx_hal_i2c.o
    0x08002a34   0x08002a34   0x000000a8   Code   RO          471    i.I2C_RequestMemoryWrite  stm32f1xx_hal_i2c.o
    0x08002adc   0x08002adc   0x0000004c   Code   RO          475    i.I2C_WaitOnBTFFlagUntilTimeout  stm32f1xx_hal_i2c.o
    0x08002b28   0x08002b28   0x00000068   Code   RO          476    i.I2C_WaitOnFlagUntilTimeout  stm32f1xx_hal_i2c.o
    0x08002b90   0x08002b90   0x00000096   Code   RO          477    i.I2C_WaitOnMasterAddressFlagUntilTimeout  stm32f1xx_hal_i2c.o
    0x08002c26   0x08002c26   0x0000004c   Code   RO          479    i.I2C_WaitOnTXEFlagUntilTimeout  stm32f1xx_hal_i2c.o
    0x08002c72   0x08002c72   0x00000002   PAD
    0x08002c74   0x08002c74   0x00000080   Code   RO          164    i.MX_GPIO_Init      gpio.o
    0x08002cf4   0x08002cf4   0x00000040   Code   RO          190    i.MX_I2C1_Init      i2c.o
    0x08002d34   0x08002d34   0x00000038   Code   RO          232    i.MX_USART1_UART_Init  usart.o
    0x08002d6c   0x08002d6c   0x00000002   Code   RO          275    i.MemManage_Handler  stm32f1xx_it.o
    0x08002d6e   0x08002d6e   0x00000002   Code   RO          276    i.NMI_Handler       stm32f1xx_it.o
    0x08002d70   0x08002d70   0x0000002c   Code   RO         2245    i.OLED_Clear        oled.o
    0x08002d9c   0x08002d9c   0x0000003c   Code   RO         2251    i.OLED_DrawPoint    oled.o
    0x08002dd8   0x08002dd8   0x000000d2   Code   RO         2252    i.OLED_Init         oled.o
    0x08002eaa   0x08002eaa   0x00000002   PAD
    0x08002eac   0x08002eac   0x0000004c   Code   RO         2254    i.OLED_Refresh_Gram  oled.o
    0x08002ef8   0x08002ef8   0x000000b0   Code   RO         2255    i.OLED_ShowChar     oled.o
    0x08002fa8   0x08002fa8   0x00000056   Code   RO         2258    i.OLED_ShowString   oled.o
    0x08002ffe   0x08002ffe   0x00000060   Code   RO         2259    i.OLED_ShowString_16  oled.o
    0x0800305e   0x0800305e   0x0000000a   Code   RO         2261    i.OLED_WR_Byte      oled.o
    0x08003068   0x08003068   0x00000078   Code   RO         2262    i.OLED_printf       oled.o
    0x080030e0   0x080030e0   0x00000002   Code   RO          277    i.PendSV_Handler    stm32f1xx_it.o
    0x080030e2   0x080030e2   0x00000002   Code   RO          278    i.SVC_Handler       stm32f1xx_it.o
    0x080030e4   0x080030e4   0x00000004   Code   RO          279    i.SysTick_Handler   stm32f1xx_it.o
    0x080030e8   0x080030e8   0x0000005e   Code   RO           14    i.SystemClock_Config  main.o
    0x08003146   0x08003146   0x00000002   Code   RO         2208    i.SystemInit        system_stm32f1xx.o
    0x08003148   0x08003148   0x000000b8   Code   RO         1905    i.UART_SetConfig    stm32f1xx_hal_uart.o
    0x08003200   0x08003200   0x00000002   Code   RO          280    i.UsageFault_Handler  stm32f1xx_it.o
    0x08003202   0x08003202   0x00000002   PAD
    0x08003204   0x08003204   0x00000024   Code   RO         2263    i.WriteCmd          oled.o
    0x08003228   0x08003228   0x00000024   Code   RO         2264    i.WriteDat          oled.o
    0x0800324c   0x0800324c   0x00000028   Code   RO         2826    i.__ARM_fpclassify  m_ws.l(fpclassify.o)
    0x08003274   0x08003274   0x00000020   Code   RO         1327    i.__NVIC_SetPriority  stm32f1xx_hal_cortex.o
    0x08003294   0x08003294   0x0000000e   Code   RO         2534    i._is_digit         c_w.l(__printf_wp.o)
    0x080032a2   0x080032a2   0x00000002   PAD
    0x080032a4   0x080032a4   0x0000004c   Code   RO           15    i.main              main.o
    0x080032f0   0x080032f0   0x0000002c   Code   RO         2805    locale$$code        c_w.l(lc_numeric_c.o)
    0x0800331c   0x0800331c   0x0000002c   Code   RO         2837    locale$$code        c_w.l(lc_ctype_c.o)
    0x08003348   0x08003348   0x00000004   Code   RO         2701    x$fpl$printf1       fz_ws.l(printf1.o)
    0x0800334c   0x0800334c   0x00000004   Code   RO         2703    x$fpl$printf2       fz_ws.l(printf2.o)
    0x08003350   0x08003350   0x00000000   Code   RO         2825    x$fpl$usenofp       fz_ws.l(usenofp.o)
    0x08003350   0x08003350   0x00000010   Data   RO         2209    .constdata          system_stm32f1xx.o
    0x08003360   0x08003360   0x00000008   Data   RO         2210    .constdata          system_stm32f1xx.o
    0x08003368   0x08003368   0x000017c0   Data   RO         2266    .constdata          oled.o
    0x08004b28   0x08004b28   0x00000011   Data   RO         2542    .constdata          c_w.l(__printf_flags_ss_wp.o)
    0x08004b39   0x08004b39   0x00000003   PAD
    0x08004b3c   0x08004b3c   0x00000008   Data   RO         2600    .constdata          c_w.l(_printf_wctomb.o)
    0x08004b44   0x08004b44   0x00000028   Data   RO         2629    .constdata          c_w.l(_printf_hex_int_ll_ptr.o)
    0x08004b6c   0x08004b6c   0x00000026   Data   RO         2742    .constdata          c_w.l(_printf_fp_hex.o)
    0x08004b92   0x08004b92   0x00000002   PAD
    0x08004b94   0x08004b94   0x00000094   Data   RO         2780    .constdata          c_w.l(bigflt0.o)
    0x08004c28   0x08004c28   0x00000020   Data   RO         2891    Region$$Table       anon$$obj.o
    0x08004c48   0x08004c48   0x0000001c   Data   RO         2804    locale$$data        c_w.l(lc_numeric_c.o)
    0x08004c64   0x08004c64   0x00000110   Data   RO         2836    locale$$data        c_w.l(lc_ctype_c.o)


    Execution Region RW_IRAM1 (Exec base: 0x20000000, Load base: 0x08004d74, Size: 0x00000b08, Max: 0x00005000, ABSOLUTE)

    Exec Addr    Load Addr    Size         Type   Attr      Idx    E Section Name        Object

    0x20000000   0x08004d74   0x0000000c   Data   RW          864    .data               stm32f1xx_hal.o
    0x2000000c   0x08004d80   0x00000004   Data   RW         2211    .data               system_stm32f1xx.o
    0x20000010        -       0x00000054   Zero   RW          191    .bss                i2c.o
    0x20000064        -       0x00000044   Zero   RW          233    .bss                usart.o
    0x200000a8        -       0x00000400   Zero   RW         2265    .bss                oled.o
    0x200004a8        -       0x00000060   Zero   RW         2712    .bss                c_w.l(libspace.o)
    0x20000508        -       0x00000200   Zero   RW            2    HEAP                startup_stm32f103xb.o
    0x20000708        -       0x00000400   Zero   RW            1    STACK               startup_stm32f103xb.o


==============================================================================

Image component sizes


      Code (inc. data)   RO Data    RW Data    ZI Data      Debug   Object Name

       128          8          0          0          0        955   gpio.o
       156         26          0          0         84       1633   i2c.o
       174         16          0          0          0     403016   main.o
       950         48       6080          0       1024       9137   oled.o
        64         26        236          0       1536        812   startup_stm32f103xb.o
       164         28          0         12          0       5921   stm32f1xx_hal.o
       172         14          0          0          0      28290   stm32f1xx_hal_cortex.o
       490         34          0          0          0       2892   stm32f1xx_hal_gpio.o
      1316         32          0          0          0       9203   stm32f1xx_hal_i2c.o
        60          8          0          0          0        874   stm32f1xx_hal_msp.o
      1272        100          0          0          0       5204   stm32f1xx_hal_rcc.o
       282          6          0          0          0       1876   stm32f1xx_hal_uart.o
        20          0          0          0          0       3890   stm32f1xx_it.o
         2          0         24          4          0       1119   system_stm32f1xx.o
       168         20          0          0         68       1690   usart.o

    ----------------------------------------------------------------------
      5430        366       6372         16       2712     476512   Object Totals
         0          0         32          0          0          0   (incl. Generated)
        12          0          0          0          0          0   (incl. Padding)

    ----------------------------------------------------------------------

      Code (inc. data)   RO Data    RW Data    ZI Data      Debug   Library Member Name

        44          6          0          0          0         84   __2sprintf.o
         8          0          0          0          0         68   __main.o
       392          4         17          0          0         92   __printf_flags_ss_wp.o
        14          0          0          0          0         68   __printf_wp.o
         0          0          0          0          0          0   __rtentry.o
        12          0          0          0          0          0   __rtentry2.o
         6          0          0          0          0          0   __rtentry4.o
        52          8          0          0          0          0   __scatter.o
        26          0          0          0          0          0   __scatter_copy.o
        28          0          0          0          0          0   __scatter_zi.o
         6          0          0          0          0          0   _printf_a.o
         6          0          0          0          0          0   _printf_c.o
        44          0          0          0          0        108   _printf_char.o
        48          6          0          0          0         96   _printf_char_common.o
        40          0          0          0          0         68   _printf_charcount.o
         6          0          0          0          0          0   _printf_d.o
       120         16          0          0          0         92   _printf_dec.o
         6          0          0          0          0          0   _printf_e.o
         6          0          0          0          0          0   _printf_f.o
      1054          0          0          0          0        216   _printf_fp_dec.o
       764          8         38          0          0        100   _printf_fp_hex.o
       128         16          0          0          0         84   _printf_fp_infnan.o
         6          0          0          0          0          0   _printf_g.o
       148          4         40          0          0        160   _printf_hex_int_ll_ptr.o
         6          0          0          0          0          0   _printf_i.o
       178          0          0          0          0         88   _printf_intcommon.o
        10          0          0          0          0          0   _printf_l.o
         6          0          0          0          0          0   _printf_lc.o
        10          0          0          0          0          0   _printf_ll.o
         6          0          0          0          0          0   _printf_lld.o
         6          0          0          0          0          0   _printf_lli.o
         6          0          0          0          0          0   _printf_llo.o
         6          0          0          0          0          0   _printf_llu.o
         6          0          0          0          0          0   _printf_llx.o
       124         16          0          0          0         92   _printf_longlong_dec.o
         6          0          0          0          0          0   _printf_ls.o
         6          0          0          0          0          0   _printf_n.o
         6          0          0          0          0          0   _printf_o.o
       112         10          0          0          0        124   _printf_oct_int_ll.o
         6          0          0          0          0          0   _printf_p.o
        78          0          0          0          0        108   _printf_pad.o
         0          0          0          0          0          0   _printf_percent.o
         4          0          0          0          0          0   _printf_percent_end.o
         6          0          0          0          0          0   _printf_s.o
        82          0          0          0          0         80   _printf_str.o
        36          0          0          0          0         84   _printf_truncate.o
         6          0          0          0          0          0   _printf_u.o
        44          0          0          0          0        108   _printf_wchar.o
       188          6          8          0          0         92   _printf_wctomb.o
         6          0          0          0          0          0   _printf_x.o
        16          0          0          0          0         68   _snputc.o
        10          0          0          0          0         68   _sputc.o
        64          0          0          0          0         92   _wcrtomb.o
       228          4        148          0          0         96   bigflt0.o
      1936        128          0          0          0        672   btod.o
        10          0          0          0          0         68   defsig_exit.o
        50          0          0          0          0         88   defsig_general.o
        80         58          0          0          0         76   defsig_rtmem_inner.o
        14          0          0          0          0         80   defsig_rtmem_outer.o
        18          0          0          0          0         80   exit.o
        94          0          0          0          0         80   h1_alloc.o
        52          0          0          0          0         68   h1_extend.o
        78          0          0          0          0         80   h1_free.o
        14          0          0          0          0         84   h1_init.o
         6          0          0          0          0        152   heapauxi.o
         4          0          0          0          0        136   hguard.o
         0          0          0          0          0          0   indicate_semi.o
       138          0          0          0          0        168   init_alloc.o
        44         10        272          0          0         76   lc_ctype_c.o
        44         10         28          0          0         76   lc_numeric_c.o
         2          0          0          0          0          0   libinit.o
        38          0          0          0          0          0   libinit2.o
         2          0          0          0          0          0   libshutdown.o
         2          0          0          0          0          0   libshutdown2.o
         8          4          0          0         96         68   libspace.o
       138          0          0          0          0         80   lludiv10.o
         0          0          0          0          0          0   maybetermalloc1.o
        16          4          0          0          0         76   rt_ctype_table.o
         8          4          0          0          0         68   rt_heap_descriptor_intlibspace.o
         8          4          0          0          0         68   rt_locale_intlibspace.o
        78          0          0          0          0         80   rt_memclr_w.o
         2          0          0          0          0          0   rtexit.o
        10          0          0          0          0          0   rtexit2.o
       128          0          0          0          0         68   strcmpv7m.o
        12          4          0          0          0         68   sys_exit.o
        74          0          0          0          0         80   sys_stackheap_outer.o
        14          0          0          0          0         76   sys_wrch.o
         2          0          0          0          0         68   use_no_semi.o
        52          4          0          0          0         80   vsnprintf.o
         4          0          0          0          0         68   printf1.o
         4          0          0          0          0         68   printf2.o
         0          0          0          0          0          0   usenofp.o
        40          0          0          0          0         68   fpclassify.o

    ----------------------------------------------------------------------
      7470        334        556          0         96       5404   Library Totals
        14          0          5          0          0          0   (incl. Padding)

    ----------------------------------------------------------------------

      Code (inc. data)   RO Data    RW Data    ZI Data      Debug   Library Name

      7408        334        551          0         96       5200   c_w.l
         8          0          0          0          0        136   fz_ws.l
        40          0          0          0          0         68   m_ws.l

    ----------------------------------------------------------------------
      7470        334        556          0         96       5404   Library Totals

    ----------------------------------------------------------------------

==============================================================================


      Code (inc. data)   RO Data    RW Data    ZI Data      Debug   

     12900        700       6928         16       2808     476140   Grand Totals
     12900        700       6928         16       2808     476140   ELF Image Totals
     12900        700       6928         16          0          0   ROM Totals

==============================================================================

    Total RO  Size (Code + RO Data)                19828 (  19.36kB)
    Total RW  Size (RW Data + ZI Data)              2824 (   2.76kB)
    Total ROM Size (Code + RO Data + RW Data)      19844 (  19.38kB)

==============================================================================

